Archive member included to satisfy reference by file (symbol)

app/libapp.a(test_button.c.obj)
                              (--whole-archive)
app/libapp.a(button.c.obj)    (--whole-archive)
zephyr/libzephyr.a(validate_libc.c.obj)
                              (--whole-archive)
zephyr/libzephyr.a(heap.c.obj)
                              (--whole-archive)
zephyr/libzephyr.a(boot_banner.c.obj)
                              (--whole-archive)
zephyr/libzephyr.a(cbprintf_packaged.c.obj)
                              (--whole-archive)
zephyr/libzephyr.a(clock.c.obj)
                              (--whole-archive)
zephyr/libzephyr.a(printk.c.obj)
                              (--whole-archive)
zephyr/libzephyr.a(cbprintf_complete.c.obj)
                              (--whole-archive)
zephyr/libzephyr.a(cbprintf.c.obj)
                              (--whole-archive)
zephyr/libzephyr.a(assert.c.obj)
                              (--whole-archive)
zephyr/libzephyr.a(dec.c.obj)
                              (--whole-archive)
zephyr/libzephyr.a(hex.c.obj)
                              (--whole-archive)
zephyr/libzephyr.a(rb.c.obj)  (--whole-archive)
zephyr/libzephyr.a(set.c.obj)
                              (--whole-archive)
zephyr/libzephyr.a(timeutil.c.obj)
                              (--whole-archive)
zephyr/libzephyr.a(bitarray.c.obj)
                              (--whole-archive)
zephyr/libzephyr.a(bitmask.c.obj)
                              (--whole-archive)
zephyr/libzephyr.a(getopt.c.obj)
                              (--whole-archive)
zephyr/libzephyr.a(getopt_common.c.obj)
                              (--whole-archive)
zephyr/libzephyr.a(ring_buffer.c.obj)
                              (--whole-archive)
zephyr/libzephyr.a(configs.c.obj)
                              (--whole-archive)
zephyr/libzephyr.a(log_core.c.obj)
                              (--whole-archive)
zephyr/libzephyr.a(log_mgmt.c.obj)
                              (--whole-archive)
zephyr/libzephyr.a(log_cache.c.obj)
                              (--whole-archive)
zephyr/libzephyr.a(log_msg.c.obj)
                              (--whole-archive)
zephyr/libzephyr.a(log_output.c.obj)
                              (--whole-archive)
zephyr/libzephyr.a(log_backend_native_posix.c.obj)
                              (--whole-archive)
zephyr/libzephyr.a(tracing_none.c.obj)
                              (--whole-archive)
zephyr/libzephyr.a(sem.c.obj)
                              (--whole-archive)
zephyr/libzephyr.a(thread_entry.c.obj)
                              (--whole-archive)
zephyr/arch/common/libarch__common.a(init.c.obj)
                              (--whole-archive)
zephyr/arch/arch/posix/core/libarch__posix__core.a(cpuhalt.c.obj)
                              (--whole-archive)
zephyr/arch/arch/posix/core/libarch__posix__core.a(fatal.c.obj)
                              (--whole-archive)
zephyr/arch/arch/posix/core/libarch__posix__core.a(irq.c.obj)
                              (--whole-archive)
zephyr/arch/arch/posix/core/libarch__posix__core.a(swap.c.obj)
                              (--whole-archive)
zephyr/arch/arch/posix/core/libarch__posix__core.a(thread.c.obj)
                              (--whole-archive)
zephyr/arch/arch/posix/core/libarch__posix__core.a(posix_core_nsi.c.obj)
                              (--whole-archive)
zephyr/soc/soc/native/libsoc__native__inf_clock.a(soc.c.obj)
                              (--whole-archive)
zephyr/soc/soc/native/libsoc__native__inf_clock.a(native_tasks.c.obj)
                              (--whole-archive)
zephyr/soc/soc/native/libsoc__native__inf_clock.a(native_remap.c.obj)
                              (--whole-archive)
zephyr/boards/native/native_sim/libboards__native__native_sim.a(cmdline.c.obj)
                              (--whole-archive)
zephyr/boards/native/native_sim/libboards__native__native_sim.a(cpu_wait.c.obj)
                              (--whole-archive)
zephyr/boards/native/native_sim/libboards__native__native_sim.a(nsi_if.c.obj)
                              (--whole-archive)
zephyr/boards/native/native_sim/libboards__native__native_sim.a(irq_handler.c.obj)
                              (--whole-archive)
zephyr/boards/native/native_sim/libboards__native__native_sim.a(misc.c.obj)
                              (--whole-archive)
zephyr/boards/native/native_sim/libboards__native__native_sim.a(posix_arch_if.c.obj)
                              (--whole-archive)
zephyr/subsys/testsuite/ztest/libsubsys__testsuite__ztest.a(ztest.c.obj)
                              (--whole-archive)
zephyr/subsys/testsuite/ztest/libsubsys__testsuite__ztest.a(ztest_error_hook.c.obj)
                              (--whole-archive)
zephyr/subsys/testsuite/ztest/libsubsys__testsuite__ztest.a(ztest_rules.c.obj)
                              (--whole-archive)
zephyr/subsys/testsuite/ztest/libsubsys__testsuite__ztest.a(ztest_posix.c.obj)
                              (--whole-archive)
[...]
Memory Configuration

Name             Origin             Length             Attributes
*default*        0x00000000         0xffffffff

Linker script and memory map


.interp
 *(SORT_BY_ALIGNMENT(.interp))

.note.gnu.build-id
 *(SORT_BY_ALIGNMENT(.note.gnu.build-id))

.hash
 *(SORT_BY_ALIGNMENT(.hash))

.gnu.hash
 *(SORT_BY_ALIGNMENT(.gnu.hash))

.dynsym
 *(SORT_BY_ALIGNMENT(.dynsym))

.dynstr
 *(SORT_BY_ALIGNMENT(.dynstr))

.gnu.version
 *(SORT_BY_ALIGNMENT(.gnu.version))

.gnu.version_d
 *(SORT_BY_ALIGNMENT(.gnu.version_d))

.gnu.version_r
 *(SORT_BY_ALIGNMENT(.gnu.version_r))

.rel.init
 *(SORT_BY_ALIGNMENT(.rel.init))

.rel.text
 *(SORT_BY_ALIGNMENT(.rel.text))

.rel.fini
 *(SORT_BY_ALIGNMENT(.rel.fini))

.rel.rodata
 *(SORT_BY_ALIGNMENT(.rel.rodata))

.rel.data.rel.ro
 *(SORT_BY_ALIGNMENT(.rel.data.rel.ro))

.rel.data
 *(SORT_BY_ALIGNMENT(.rel.data))

.rel.tdata
 *(SORT_BY_ALIGNMENT(.rel.tdata))

.rel.tbss
 *(SORT_BY_ALIGNMENT(.rel.tbss))

.rel.ctors
 *(SORT_BY_ALIGNMENT(.rel.ctors))

.rel.dtors
 *(SORT_BY_ALIGNMENT(.rel.dtors))

.rel.got
 *(SORT_BY_ALIGNMENT(.rel.got))

.rel.bss
 *(SORT_BY_ALIGNMENT(.rel.bss))

.rel.ifunc
 *(SORT_BY_ALIGNMENT(.rel.ifunc))

.rel.plt
 *(SORT_BY_ALIGNMENT(.rel.plt))

.relr.dyn
 *(SORT_BY_ALIGNMENT(.relr.dyn))

.init
 *(SORT_NONE(.init))

.plt
 *(SORT_BY_ALIGNMENT(.plt))

.plt.got
 *(SORT_BY_ALIGNMENT(.plt.got))

.plt.sec
 *(SORT_BY_ALIGNMENT(.plt.sec))

.text           0x00000000      0x276
 *(SORT_BY_ALIGNMENT(.text) SORT_BY_ALIGNMENT(.stub))
 .text          0x00000000      0x122 /usr/lib/gcc/x86_64-linux-gnu/13/32/libgcc.a(_udivdi3.o)
                0x00000000                __udivdi3
 *fill*         0x00000122        0xe 
 .text          0x00000130      0x146 /usr/lib/gcc/x86_64-linux-gnu/13/32/libgcc.a(_umoddi3.o)
                0x00000130                __umoddi3
 *(SORT_BY_ALIGNMENT(.gnu.warning))

.text._OffsetAbsSyms
                0x00000000      0x1c6
 .text._OffsetAbsSyms
                0x00000000      0x1c6 zephyr/CMakeFiles/offsets.dir/./arch/posix/core/offsets/offsets.c.obj
                0x00000000                _OffsetAbsSyms

.text._sub_I_00100_0
                0x00000000      0x720
 .text._sub_I_00100_0
                0x00000000       0x18 zephyr/CMakeFiles/offsets.dir/./arch/posix/core/offsets/offsets.c.obj
 .text._sub_I_00100_0
                0x00000018       0x18 app/libapp.a(test_button.c.obj)
 .text._sub_I_00100_0
                0x00000030       0x18 app/libapp.a(button.c.obj)
 .text._sub_I_00100_0
                0x00000048       0x18 zephyr/libzephyr.a(heap.c.obj)
 .text._sub_I_00100_0
                0x00000060       0x18 zephyr/libzephyr.a(boot_banner.c.obj)
 .text._sub_I_00100_0
                0x00000078       0x18 zephyr/libzephyr.a(cbprintf_packaged.c.obj)
 .text._sub_I_00100_0
                0x00000090       0x18 zephyr/libzephyr.a(clock.c.obj)
 .text._sub_I_00100_0
                0x000000a8       0x18 zephyr/libzephyr.a(printk.c.obj)
 .text._sub_I_00100_0
                0x000000c0       0x18 zephyr/libzephyr.a(cbprintf_complete.c.obj)
 .text._sub_I_00100_0
                0x000000d8       0x18 zephyr/libzephyr.a(cbprintf.c.obj)
 .text._sub_I_00100_0
                0x000000f0       0x18 zephyr/libzephyr.a(assert.c.obj)
 .text._sub_I_00100_0
                0x00000108       0x18 zephyr/libzephyr.a(dec.c.obj)
 .text._sub_I_00100_0
                0x00000120       0x18 zephyr/libzephyr.a(hex.c.obj)
 .text._sub_I_00100_0
                0x00000138       0x18 zephyr/libzephyr.a(rb.c.obj)
 .text._sub_I_00100_0
                0x00000150       0x18 zephyr/libzephyr.a(set.c.obj)
 .text._sub_I_00100_0
                0x00000168       0x18 zephyr/libzephyr.a(timeutil.c.obj)
 .text._sub_I_00100_0
                0x00000180       0x18 zephyr/libzephyr.a(bitarray.c.obj)
 .text._sub_I_00100_0
                0x00000198       0x18 zephyr/libzephyr.a(bitmask.c.obj)
 .text._sub_I_00100_0
                0x000001b0       0x18 zephyr/libzephyr.a(getopt.c.obj)
 .text._sub_I_00100_0
                0x000001c8       0x18 zephyr/libzephyr.a(getopt_common.c.obj)
 .text._sub_I_00100_0
                0x000001e0       0x18 zephyr/libzephyr.a(ring_buffer.c.obj)
 .text._sub_I_00100_0
                0x000001f8       0x18 zephyr/libzephyr.a(configs.c.obj)
 .text._sub_I_00100_0
                0x00000210       0x18 zephyr/libzephyr.a(log_core.c.obj)
 .text._sub_I_00100_0
                0x00000228       0x18 zephyr/libzephyr.a(log_mgmt.c.obj)
 .text._sub_I_00100_0
                0x00000240       0x18 zephyr/libzephyr.a(log_cache.c.obj)
 .text._sub_I_00100_0
                0x00000258       0x18 zephyr/libzephyr.a(log_msg.c.obj)
 .text._sub_I_00100_0
                0x00000270       0x18 zephyr/libzephyr.a(log_output.c.obj)
 .text._sub_I_00100_0
                0x00000288       0x18 zephyr/libzephyr.a(log_backend_native_posix.c.obj)
 .text._sub_I_00100_0
                0x000002a0       0x18 zephyr/libzephyr.a(tracing_none.c.obj)
 .text._sub_I_00100_0
                0x000002b8       0x18 zephyr/libzephyr.a(sem.c.obj)
 .text._sub_I_00100_0
                0x000002d0       0x18 zephyr/libzephyr.a(thread_entry.c.obj)
 .text._sub_I_00100_0
                0x000002e8       0x18 zephyr/arch/common/libarch__common.a(init.c.obj)
 .text._sub_I_00100_0
                0x00000300       0x18 zephyr/arch/arch/posix/core/libarch__posix__core.a(cpuhalt.c.obj)
 .text._sub_I_00100_0
                0x00000318       0x18 zephyr/arch/arch/posix/core/libarch__posix__core.a(fatal.c.obj)
 .text._sub_I_00100_0
                0x00000330       0x18 zephyr/arch/arch/posix/core/libarch__posix__core.a(irq.c.obj)
 .text._sub_I_00100_0
                0x00000348       0x18 zephyr/arch/arch/posix/core/libarch__posix__core.a(swap.c.obj)
 .text._sub_I_00100_0
                0x00000360       0x18 zephyr/arch/arch/posix/core/libarch__posix__core.a(thread.c.obj)
 .text._sub_I_00100_0
                0x00000378       0x18 zephyr/arch/arch/posix/core/libarch__posix__core.a(posix_core_nsi.c.obj)
 .text._sub_I_00100_0
                0x00000390       0x18 zephyr/soc/soc/native/libsoc__native__inf_clock.a(soc.c.obj)
 .text._sub_I_00100_0
                0x000003a8       0x18 zephyr/soc/soc/native/libsoc__native__inf_clock.a(native_tasks.c.obj)
 .text._sub_I_00100_0
                0x000003c0       0x18 zephyr/soc/soc/native/libsoc__native__inf_clock.a(native_remap.c.obj)
 .text._sub_I_00100_0
                0x000003d8       0x18 zephyr/boards/native/native_sim/libboards__native__native_sim.a(cmdline.c.obj)
 .text._sub_I_00100_0
                0x000003f0       0x18 zephyr/boards/native/native_sim/libboards__native__native_sim.a(cpu_wait.c.obj)
 .text._sub_I_00100_0
                0x00000408       0x18 zephyr/boards/native/native_sim/libboards__native__native_sim.a(nsi_if.c.obj)
 .text._sub_I_00100_0
                0x00000420       0x18 zephyr/boards/native/native_sim/libboards__native__native_sim.a(irq_handler.c.obj)
 .text._sub_I_00100_0
                0x00000438       0x18 zephyr/boards/native/native_sim/libboards__native__native_sim.a(posix_arch_if.c.obj)
 .text._sub_I_00100_0
                0x00000450       0x18 zephyr/subsys/testsuite/ztest/libsubsys__testsuite__ztest.a(ztest.c.obj)
 .text._sub_I_00100_0
                0x00000468       0x18 zephyr/subsys/testsuite/ztest/libsubsys__testsuite__ztest.a(ztest_posix.c.obj)
 .text._sub_I_00100_0
                0x00000480       0x18 zephyr/subsys/input/libsubsys__input.a(input.c.obj)
 .text._sub_I_00100_0
                0x00000498       0x18 zephyr/subsys/input/libsubsys__input.a(input_hid.c.obj)
 .text._sub_I_00100_0
                0x000004b0       0x18 zephyr/subsys/input/libsubsys__input.a(input_longpress.c.obj)
 .text._sub_I_00100_0
                0x000004c8       0x18 zephyr/subsys/zbus/libsubsys__zbus.a(zbus.c.obj)
 .text._sub_I_00100_0
                0x000004e0       0x18 zephyr/subsys/zbus/libsubsys__zbus.a(zbus_iterable_sections.c.obj)
 .text._sub_I_00100_0
                0x000004f8       0x18 zephyr/drivers/console/libdrivers__console.a(posix_arch_console.c.obj)
 .text._sub_I_00100_0
                0x00000510       0x18 zephyr/drivers/gpio/libdrivers__gpio.a(gpio_emul.c.obj)
 .text._sub_I_00100_0
                0x00000528       0x18 zephyr/drivers/input/libdrivers__input.a(input_gpio_keys.c.obj)
 .text._sub_I_00100_0
                0x00000540       0x18 zephyr/drivers/timer/libdrivers__timer.a(sys_clock_init.c.obj)
 .text._sub_I_00100_0
                0x00000558       0x18 zephyr/drivers/timer/libdrivers__timer.a(native_sim_timer.c.obj)
 .text._sub_I_00100_0
                0x00000570       0x18 zephyr/kernel/libkernel.a(device.c.obj)
 .text._sub_I_00100_0
                0x00000588       0x18 zephyr/kernel/libkernel.a(fatal.c.obj)
 .text._sub_I_00100_0
                0x000005a0       0x18 zephyr/kernel/libkernel.a(init.c.obj)
 .text._sub_I_00100_0
                0x000005b8       0x18 zephyr/kernel/libkernel.a(idle.c.obj)
 .text._sub_I_00100_0
                0x000005d0       0x18 zephyr/kernel/libkernel.a(msg_q.c.obj)
 .text._sub_I_00100_0
                0x000005e8       0x18 zephyr/kernel/libkernel.a(sem.c.obj)
 .text._sub_I_00100_0
                0x00000600       0x18 zephyr/kernel/libkernel.a(system_work_q.c.obj)
 .text._sub_I_00100_0
                0x00000618       0x18 zephyr/kernel/libkernel.a(work.c.obj)
 .text._sub_I_00100_0
                0x00000630       0x18 zephyr/kernel/libkernel.a(thread.c.obj)
 .text._sub_I_00100_0
                0x00000648       0x18 zephyr/kernel/libkernel.a(sched.c.obj)
 .text._sub_I_00100_0
                0x00000660       0x18 zephyr/kernel/libkernel.a(sleep.c.obj)
 .text._sub_I_00100_0
                0x00000678       0x18 zephyr/kernel/libkernel.a(scheduler.c.obj)
 .text._sub_I_00100_0
                0x00000690       0x18 zephyr/kernel/libkernel.a(timeslicing.c.obj)
 .text._sub_I_00100_0
                0x000006a8       0x18 zephyr/kernel/libkernel.a(spinlock_validate.c.obj)
 .text._sub_I_00100_0
                0x000006c0       0x18 zephyr/kernel/libkernel.a(timeout.c.obj)
 .text._sub_I_00100_0
                0x000006d8       0x18 zephyr/kernel/libkernel.a(timer.c.obj)
 .text._sub_I_00100_0
                0x000006f0       0x18 zephyr/kernel/libkernel.a(mempool.c.obj)
 .text._sub_I_00100_0
                0x00000708       0x18 zephyr/kernel/libkernel.a(kheap.c.obj)

.text._sub_D_00100_1
                0x00000000      0x3dc
 .text._sub_D_00100_1
                0x00000000        0xd zephyr/CMakeFiles/offsets.dir/./arch/posix/core/offsets/offsets.c.obj
 .text._sub_D_00100_1
                0x0000000d        0xd app/libapp.a(test_button.c.obj)
 .text._sub_D_00100_1
                0x0000001a        0xd app/libapp.a(button.c.obj)
 .text._sub_D_00100_1
                0x00000027        0xd zephyr/libzephyr.a(heap.c.obj)
 .text._sub_D_00100_1
                0x00000034        0xd zephyr/libzephyr.a(boot_banner.c.obj)
 .text._sub_D_00100_1
                0x00000041        0xd zephyr/libzephyr.a(cbprintf_packaged.c.obj)
 .text._sub_D_00100_1
                0x0000004e        0xd zephyr/libzephyr.a(clock.c.obj)
 .text._sub_D_00100_1
                0x0000005b        0xd zephyr/libzephyr.a(printk.c.obj)
 .text._sub_D_00100_1
                0x00000068        0xd zephyr/libzephyr.a(cbprintf_complete.c.obj)
 .text._sub_D_00100_1
                0x00000075        0xd zephyr/libzephyr.a(cbprintf.c.obj)
 .text._sub_D_00100_1
                0x00000082        0xd zephyr/libzephyr.a(assert.c.obj)
 .text._sub_D_00100_1
                0x0000008f        0xd zephyr/libzephyr.a(dec.c.obj)
 .text._sub_D_00100_1
                0x0000009c        0xd zephyr/libzephyr.a(hex.c.obj)
 .text._sub_D_00100_1
                0x000000a9        0xd zephyr/libzephyr.a(rb.c.obj)
 .text._sub_D_00100_1
                0x000000b6        0xd zephyr/libzephyr.a(set.c.obj)
 .text._sub_D_00100_1
                0x000000c3        0xd zephyr/libzephyr.a(timeutil.c.obj)
 .text._sub_D_00100_1
                0x000000d0        0xd zephyr/libzephyr.a(bitarray.c.obj)
 .text._sub_D_00100_1
                0x000000dd        0xd zephyr/libzephyr.a(bitmask.c.obj)
 .text._sub_D_00100_1
                0x000000ea        0xd zephyr/libzephyr.a(getopt.c.obj)
 .text._sub_D_00100_1
                0x000000f7        0xd zephyr/libzephyr.a(getopt_common.c.obj)
 .text._sub_D_00100_1
                0x00000104        0xd zephyr/libzephyr.a(ring_buffer.c.obj)
 .text._sub_D_00100_1
                0x00000111        0xd zephyr/libzephyr.a(configs.c.obj)
 .text._sub_D_00100_1
                0x0000011e        0xd zephyr/libzephyr.a(log_core.c.obj)
 .text._sub_D_00100_1
                0x0000012b        0xd zephyr/libzephyr.a(log_mgmt.c.obj)
 .text._sub_D_00100_1
                0x00000138        0xd zephyr/libzephyr.a(log_cache.c.obj)
 .text._sub_D_00100_1
                0x00000145        0xd zephyr/libzephyr.a(log_msg.c.obj)
 .text._sub_D_00100_1
                0x00000152        0xd zephyr/libzephyr.a(log_output.c.obj)
 .text._sub_D_00100_1
                0x0000015f        0xd zephyr/libzephyr.a(log_backend_native_posix.c.obj)
 .text._sub_D_00100_1
                0x0000016c        0xd zephyr/libzephyr.a(tracing_none.c.obj)
 .text._sub_D_00100_1
                0x00000179        0xd zephyr/libzephyr.a(sem.c.obj)
 .text._sub_D_00100_1
                0x00000186        0xd zephyr/libzephyr.a(thread_entry.c.obj)
 .text._sub_D_00100_1
                0x00000193        0xd zephyr/arch/common/libarch__common.a(init.c.obj)
 .text._sub_D_00100_1
                0x000001a0        0xd zephyr/arch/arch/posix/core/libarch__posix__core.a(cpuhalt.c.obj)
 .text._sub_D_00100_1
                0x000001ad        0xd zephyr/arch/arch/posix/core/libarch__posix__core.a(fatal.c.obj)
 .text._sub_D_00100_1
                0x000001ba        0xd zephyr/arch/arch/posix/core/libarch__posix__core.a(irq.c.obj)
 .text._sub_D_00100_1
                0x000001c7        0xd zephyr/arch/arch/posix/core/libarch__posix__core.a(swap.c.obj)
 .text._sub_D_00100_1
                0x000001d4        0xd zephyr/arch/arch/posix/core/libarch__posix__core.a(thread.c.obj)
 .text._sub_D_00100_1
                0x000001e1        0xd zephyr/arch/arch/posix/core/libarch__posix__core.a(posix_core_nsi.c.obj)
 .text._sub_D_00100_1
                0x000001ee        0xd zephyr/soc/soc/native/libsoc__native__inf_clock.a(soc.c.obj)
 .text._sub_D_00100_1
                0x000001fb        0xd zephyr/soc/soc/native/libsoc__native__inf_clock.a(native_tasks.c.obj)
 .text._sub_D_00100_1
                0x00000208        0xd zephyr/soc/soc/native/libsoc__native__inf_clock.a(native_remap.c.obj)
 .text._sub_D_00100_1
                0x00000215        0xd zephyr/boards/native/native_sim/libboards__native__native_sim.a(cmdline.c.obj)
 .text._sub_D_00100_1
                0x00000222        0xd zephyr/boards/native/native_sim/libboards__native__native_sim.a(cpu_wait.c.obj)
 .text._sub_D_00100_1
                0x0000022f        0xd zephyr/boards/native/native_sim/libboards__native__native_sim.a(nsi_if.c.obj)
 .text._sub_D_00100_1
                0x0000023c        0xd zephyr/boards/native/native_sim/libboards__native__native_sim.a(irq_handler.c.obj)
 .text._sub_D_00100_1
                0x00000249        0xd zephyr/boards/native/native_sim/libboards__native__native_sim.a(posix_arch_if.c.obj)
 .text._sub_D_00100_1
                0x00000256        0xd zephyr/subsys/testsuite/ztest/libsubsys__testsuite__ztest.a(ztest.c.obj)
 .text._sub_D_00100_1
                0x00000263        0xd zephyr/subsys/testsuite/ztest/libsubsys__testsuite__ztest.a(ztest_posix.c.obj)
 .text._sub_D_00100_1
                0x00000270        0xd zephyr/subsys/input/libsubsys__input.a(input.c.obj)
 .text._sub_D_00100_1
                0x0000027d        0xd zephyr/subsys/input/libsubsys__input.a(input_hid.c.obj)
 .text._sub_D_00100_1
                0x0000028a        0xd zephyr/subsys/input/libsubsys__input.a(input_longpress.c.obj)
 .text._sub_D_00100_1
                0x00000297        0xd zephyr/subsys/zbus/libsubsys__zbus.a(zbus.c.obj)
 .text._sub_D_00100_1
                0x000002a4        0xd zephyr/subsys/zbus/libsubsys__zbus.a(zbus_iterable_sections.c.obj)
 .text._sub_D_00100_1
                0x000002b1        0xd zephyr/drivers/console/libdrivers__console.a(posix_arch_console.c.obj)
 .text._sub_D_00100_1
                0x000002be        0xd zephyr/drivers/gpio/libdrivers__gpio.a(gpio_emul.c.obj)
 .text._sub_D_00100_1
                0x000002cb        0xd zephyr/drivers/input/libdrivers__input.a(input_gpio_keys.c.obj)
 .text._sub_D_00100_1
                0x000002d8        0xd zephyr/drivers/timer/libdrivers__timer.a(sys_clock_init.c.obj)
 .text._sub_D_00100_1
                0x000002e5        0xd zephyr/drivers/timer/libdrivers__timer.a(native_sim_timer.c.obj)
 .text._sub_D_00100_1
                0x000002f2        0xd zephyr/kernel/libkernel.a(device.c.obj)
 .text._sub_D_00100_1
                0x000002ff        0xd zephyr/kernel/libkernel.a(fatal.c.obj)
 .text._sub_D_00100_1
                0x0000030c        0xd zephyr/kernel/libkernel.a(init.c.obj)
 .text._sub_D_00100_1
                0x00000319        0xd zephyr/kernel/libkernel.a(idle.c.obj)
 .text._sub_D_00100_1
                0x00000326        0xd zephyr/kernel/libkernel.a(msg_q.c.obj)
 .text._sub_D_00100_1
                0x00000333        0xd zephyr/kernel/libkernel.a(sem.c.obj)
 .text._sub_D_00100_1
                0x00000340        0xd zephyr/kernel/libkernel.a(system_work_q.c.obj)
 .text._sub_D_00100_1
                0x0000034d        0xd zephyr/kernel/libkernel.a(work.c.obj)
 .text._sub_D_00100_1
                0x0000035a        0xd zephyr/kernel/libkernel.a(thread.c.obj)
 .text._sub_D_00100_1
                0x00000367        0xd zephyr/kernel/libkernel.a(sched.c.obj)
 .text._sub_D_00100_1
                0x00000374        0xd zephyr/kernel/libkernel.a(sleep.c.obj)
 .text._sub_D_00100_1
                0x00000381        0xd zephyr/kernel/libkernel.a(scheduler.c.obj)
 .text._sub_D_00100_1
                0x0000038e        0xd zephyr/kernel/libkernel.a(timeslicing.c.obj)
 .text._sub_D_00100_1
                0x0000039b        0xd zephyr/kernel/libkernel.a(spinlock_validate.c.obj)
 .text._sub_D_00100_1
                0x000003a8        0xd zephyr/kernel/libkernel.a(timeout.c.obj)
 .text._sub_D_00100_1
                0x000003b5        0xd zephyr/kernel/libkernel.a(timer.c.obj)
 .text._sub_D_00100_1
                0x000003c2        0xd zephyr/kernel/libkernel.a(mempool.c.obj)
 .text._sub_D_00100_1
                0x000003cf        0xd zephyr/kernel/libkernel.a(kheap.c.obj)

.text.k_msleep  0x00000000       0xe6
 .text.k_msleep
                0x00000000       0x73 app/libapp.a(test_button.c.obj)
 .text.k_msleep
                0x00000073       0x73 zephyr/libzephyr.a(log_core.c.obj)

.text.k_sleep   0x00000000       0xe2
 .text.k_sleep  0x00000000       0x71 app/libapp.a(test_button.c.obj)
 .text.k_sleep  0x00000071       0x71 zephyr/libzephyr.a(log_core.c.obj)

.text.k_sem_take
                0x00000000       0xe8
 .text.k_sem_take
                0x00000000       0x74 app/libapp.a(test_button.c.obj)
 .text.k_sem_take
                0x00000074       0x74 zephyr/subsys/zbus/libsubsys__zbus.a(zbus.c.obj)

.text.k_sem_give
                0x00000000      0x141
 .text.k_sem_give
                0x00000000       0x6b app/libapp.a(test_button.c.obj)
 .text.k_sem_give
                0x0000006b       0x6b zephyr/subsys/zbus/libsubsys__zbus.a(zbus.c.obj)
 .text.k_sem_give
                0x000000d6       0x6b zephyr/kernel/libkernel.a(work.c.obj)

.text.k_sem_reset
                0x00000000       0x6b
 .text.k_sem_reset
                0x00000000       0x6b app/libapp.a(test_button.c.obj)

.text.z_zassert
                0x00000000      0x17a
 .text.z_zassert
                0x00000000      0x17a app/libapp.a(test_button.c.obj)

.text.gpio_emul_input_set
                0x00000000       0xa5
 .text.gpio_emul_input_set
                0x00000000       0xa5 app/libapp.a(test_button.c.obj)

.text.zbus_chan_const_msg
                0x00000000      0x122
 .text.zbus_chan_const_msg
                0x00000000      0x122 app/libapp.a(test_button.c.obj)

.text.capture   0x00000000       0x95
 .text.capture  0x00000000       0x95 app/libapp.a(test_button.c.obj)

.text.simula_toque
                0x00000000       0xc0
 .text.simula_toque
                0x00000000       0xc0 app/libapp.a(test_button.c.obj)

.text.before    0x00000000       0xb5
 .text.before   0x00000000       0xb5 app/libapp.a(test_button.c.obj)

.text._button_test_toque_curto_wrapper
                0x00000000       0x45
 .text._button_test_toque_curto_wrapper
                0x00000000       0x45 app/libapp.a(test_button.c.obj)

.text.button_test_toque_curto
                0x00000000      0x1e4
 .text.button_test_toque_curto
                0x00000000      0x1e4 app/libapp.a(test_button.c.obj)

.text._button_test_toque_longo_wrapper
                0x00000000       0x45
 .text._button_test_toque_longo_wrapper
                0x00000000       0x45 app/libapp.a(test_button.c.obj)

.text.button_test_toque_longo
                0x00000000      0x1d6
 .text.button_test_toque_longo
                0x00000000      0x1d6 app/libapp.a(test_button.c.obj)

.text._button_test_dois_toques_seguidos_wrapper
                0x00000000       0x45
 .text._button_test_dois_toques_seguidos_wrapper
                0x00000000       0x45 app/libapp.a(test_button.c.obj)

.text.button_test_dois_toques_seguidos
                0x00000000      0x3c8
 .text.button_test_dois_toques_seguidos
                0x00000000      0x3c8 app/libapp.a(test_button.c.obj)

.text.z_log_msg_runtime_create
                0x00000000      0x738
 .text.z_log_msg_runtime_create
                0x00000000       0xa8 app/libapp.a(button.c.obj)
 .text.z_log_msg_runtime_create
                0x000000a8       0xa8 zephyr/libzephyr.a(heap.c.obj)
 .text.z_log_msg_runtime_create
                0x00000150       0xa8 zephyr/libzephyr.a(cbprintf_packaged.c.obj)
 .text.z_log_msg_runtime_create
                0x000001f8       0xa8 zephyr/libzephyr.a(log_msg.c.obj)
 .text.z_log_msg_runtime_create
                0x000002a0       0xa8 zephyr/subsys/input/libsubsys__input.a(input.c.obj)
 .text.z_log_msg_runtime_create
                0x00000348       0xa8 zephyr/subsys/input/libsubsys__input.a(input_longpress.c.obj)
 .text.z_log_msg_runtime_create
                0x000003f0       0xa8 zephyr/subsys/zbus/libsubsys__zbus.a(zbus.c.obj)
 .text.z_log_msg_runtime_create
                0x00000498       0xa8 zephyr/drivers/gpio/libdrivers__gpio.a(gpio_emul.c.obj)
 .text.z_log_msg_runtime_create
                0x00000540       0xa8 zephyr/drivers/input/libdrivers__input.a(input_gpio_keys.c.obj)
 .text.z_log_msg_runtime_create
                0x000005e8       0xa8 zephyr/kernel/libkernel.a(fatal.c.obj)
 .text.z_log_msg_runtime_create
                0x00000690       0xa8 zephyr/kernel/libkernel.a(thread.c.obj)

.text.input_cb  0x00000000      0x28b
 .text.input_cb
                0x00000000      0x28b app/libapp.a(button.c.obj)

.text.big_heap_chunks
                0x00000000       0x26
 .text.big_heap_chunks
                0x00000000       0x26 zephyr/libzephyr.a(heap.c.obj)

.text.big_heap_bytes
                0x00000000       0x53
 .text.big_heap_bytes
                0x00000000       0x53 zephyr/libzephyr.a(heap.c.obj)

.text.big_heap  0x00000000       0x53
 .text.big_heap
                0x00000000       0x53 zephyr/libzephyr.a(heap.c.obj)

.text.chunk_buf
                0x00000000       0x24
 .text.chunk_buf
                0x00000000       0x24 zephyr/libzephyr.a(heap.c.obj)

.text.chunk_field
                0x00000000       0xd3
 .text.chunk_field
                0x00000000       0xd3 zephyr/libzephyr.a(heap.c.obj)

.text.chunk_set
                0x00000000       0xd5
 .text.chunk_set
                0x00000000       0xd5 zephyr/libzephyr.a(heap.c.obj)

.text.chunk_size
                0x00000000       0x56
 .text.chunk_size
                0x00000000       0x56 zephyr/libzephyr.a(heap.c.obj)

.text.set_chunk_used
                0x00000000      0x151
 .text.set_chunk_used
                0x00000000      0x151 zephyr/libzephyr.a(heap.c.obj)

.text.set_chunk_size
                0x00000000       0x54
 .text.set_chunk_size
                0x00000000       0x54 zephyr/libzephyr.a(heap.c.obj)

.text.prev_free_chunk
                0x00000000       0x54
 .text.prev_free_chunk
                0x00000000       0x54 zephyr/libzephyr.a(heap.c.obj)

.text.next_free_chunk
                0x00000000       0x54
 .text.next_free_chunk
                0x00000000       0x54 zephyr/libzephyr.a(heap.c.obj)

.text.set_prev_free_chunk
                0x00000000       0x51
 .text.set_prev_free_chunk
                0x00000000       0x51 zephyr/libzephyr.a(heap.c.obj)

.text.set_next_free_chunk
                0x00000000       0x51
 .text.set_next_free_chunk
                0x00000000       0x51 zephyr/libzephyr.a(heap.c.obj)

.text.set_left_chunk_size
                0x00000000       0x51
 .text.set_left_chunk_size
                0x00000000       0x51 zephyr/libzephyr.a(heap.c.obj)

.text.chunk_header_bytes
                0x00000000       0x7b
 .text.chunk_header_bytes
                0x00000000       0x7b zephyr/libzephyr.a(heap.c.obj)

.text.heap_footer_bytes
                0x00000000       0x7b
 .text.heap_footer_bytes
                0x00000000       0x7b zephyr/libzephyr.a(heap.c.obj)

.text.chunksz   0x00000000       0x2a
 .text.chunksz  0x00000000       0x2a zephyr/libzephyr.a(heap.c.obj)

.text.min_chunk_size
                0x00000000       0x7c
 .text.min_chunk_size
                0x00000000       0x7c zephyr/libzephyr.a(heap.c.obj)

.text.undersized_chunk
                0x00000000       0xfb
 .text.undersized_chunk
                0x00000000       0xfb zephyr/libzephyr.a(heap.c.obj)

.text.bucket_idx
                0x00000000       0x6b
 .text.bucket_idx
                0x00000000       0x6b zephyr/libzephyr.a(heap.c.obj)

.text.free_list_add_bidx
                0x00000000      0x331
 .text.free_list_add_bidx
                0x00000000      0x331 zephyr/libzephyr.a(heap.c.obj)

.text.free_list_add
                0x00000000      0x101
 .text.free_list_add
                0x00000000      0x101 zephyr/libzephyr.a(heap.c.obj)

.text.sys_heap_init
                0x00000000      0x75b
 .text.sys_heap_init
                0x00000000      0x75b zephyr/libzephyr.a(heap.c.obj)
                0x00000000                sys_heap_init

.text.boot_banner
                0x00000000       0x55
 .text.boot_banner
                0x00000000       0x55 zephyr/libzephyr.a(boot_banner.c.obj)

.text.linker_is_in_rodata
                0x00000000       0x26
 .text.linker_is_in_rodata
                0x00000000       0x26 zephyr/libzephyr.a(cbprintf_packaged.c.obj)

.text.ptr_in_rodata
                0x00000000       0x4f
 .text.ptr_in_rodata
                0x00000000       0x4f zephyr/libzephyr.a(cbprintf_packaged.c.obj)

.text.cbprintf_via_va_list
                0x00000000       0x5f
 .text.cbprintf_via_va_list
                0x00000000       0x5f zephyr/libzephyr.a(cbprintf_packaged.c.obj)

.text.get_package_len
                0x00000000      0x185
 .text.get_package_len
                0x00000000      0x185 zephyr/libzephyr.a(cbprintf_packaged.c.obj)

.text.append_string
                0x00000000       0xff
 .text.append_string
                0x00000000       0xff zephyr/libzephyr.a(cbprintf_packaged.c.obj)

.text.cbvprintf_package
                0x00000000     0x11e8
 .text.cbvprintf_package
                0x00000000     0x11e8 zephyr/libzephyr.a(cbprintf_packaged.c.obj)
                0x00000000                cbvprintf_package

.text.cbpprintf_external
                0x00000000      0x15a
 .text.cbpprintf_external
                0x00000000      0x15a zephyr/libzephyr.a(cbprintf_packaged.c.obj)
                0x00000000                cbpprintf_external

.text.is_fmt_spec
                0x00000000       0x7d
 .text.is_fmt_spec
                0x00000000       0x7d zephyr/libzephyr.a(cbprintf_packaged.c.obj)

.text.is_ptr    0x00000000      0x1d0
 .text.is_ptr   0x00000000      0x1d0 zephyr/libzephyr.a(cbprintf_packaged.c.obj)
                0x00000000                is_ptr

.text.cbprintf_package_convert
                0x00000000     0x1618
 .text.cbprintf_package_convert
                0x00000000     0x1618 zephyr/libzephyr.a(cbprintf_packaged.c.obj)
                0x00000000                cbprintf_package_convert

.text.arch_irq_lock
                0x00000000      0x447
 .text.arch_irq_lock
                0x00000000       0x49 zephyr/libzephyr.a(clock.c.obj)
 .text.arch_irq_lock
                0x00000049       0x49 zephyr/arch/arch/posix/core/libarch__posix__core.a(thread.c.obj)
 .text.arch_irq_lock
                0x00000092       0x49 zephyr/subsys/zbus/libsubsys__zbus.a(zbus.c.obj)
 .text.arch_irq_lock
                0x000000db       0x49 zephyr/drivers/gpio/libdrivers__gpio.a(gpio_emul.c.obj)
 .text.arch_irq_lock
                0x00000124       0x49 zephyr/kernel/libkernel.a(fatal.c.obj)
 .text.arch_irq_lock
                0x0000016d       0x49 zephyr/kernel/libkernel.a(idle.c.obj)
 .text.arch_irq_lock
                0x000001b6       0x49 zephyr/kernel/libkernel.a(msg_q.c.obj)
 .text.arch_irq_lock
                0x000001ff       0x49 zephyr/kernel/libkernel.a(sem.c.obj)
 .text.arch_irq_lock
                0x00000248       0x49 zephyr/kernel/libkernel.a(work.c.obj)
 .text.arch_irq_lock
                0x00000291       0x49 zephyr/kernel/libkernel.a(thread.c.obj)
 .text.arch_irq_lock
                0x000002da       0x49 zephyr/kernel/libkernel.a(sched.c.obj)
 .text.arch_irq_lock
                0x00000323       0x49 zephyr/kernel/libkernel.a(sleep.c.obj)
 .text.arch_irq_lock
                0x0000036c       0x49 zephyr/kernel/libkernel.a(scheduler.c.obj)
 .text.arch_irq_lock
                0x000003b5       0x49 zephyr/kernel/libkernel.a(timeslicing.c.obj)
 .text.arch_irq_lock
                0x000003fe       0x49 zephyr/kernel/libkernel.a(timeout.c.obj)

.text.arch_irq_unlock
                0x00000000      0x403
 .text.arch_irq_unlock
                0x00000000       0x4f zephyr/libzephyr.a(clock.c.obj)
 .text.arch_irq_unlock
                0x0000004f       0x4f zephyr/arch/arch/posix/core/libarch__posix__core.a(swap.c.obj)
 .text.arch_irq_unlock
                0x0000009e       0x4f zephyr/subsys/zbus/libsubsys__zbus.a(zbus.c.obj)
 .text.arch_irq_unlock
                0x000000ed       0x4f zephyr/drivers/gpio/libdrivers__gpio.a(gpio_emul.c.obj)
 .text.arch_irq_unlock
                0x0000013c       0x4f zephyr/kernel/libkernel.a(fatal.c.obj)
 .text.arch_irq_unlock
                0x0000018b       0x4f zephyr/kernel/libkernel.a(msg_q.c.obj)
 .text.arch_irq_unlock
                0x000001da       0x4f zephyr/kernel/libkernel.a(sem.c.obj)
 .text.arch_irq_unlock
                0x00000229       0x4f zephyr/kernel/libkernel.a(work.c.obj)
 .text.arch_irq_unlock
                0x00000278       0x4f zephyr/kernel/libkernel.a(thread.c.obj)
 .text.arch_irq_unlock
                0x000002c7       0x4f zephyr/kernel/libkernel.a(sched.c.obj)
 .text.arch_irq_unlock
                0x00000316       0x4f zephyr/kernel/libkernel.a(scheduler.c.obj)
 .text.arch_irq_unlock
                0x00000365       0x4f zephyr/kernel/libkernel.a(timeslicing.c.obj)
 .text.arch_irq_unlock
                0x000003b4       0x4f zephyr/kernel/libkernel.a(timeout.c.obj)

.text.z_spinlock_validate_pre
                0x00000000      0xf84
 .text.z_spinlock_validate_pre
                0x00000000      0x14b zephyr/libzephyr.a(clock.c.obj)
 .text.z_spinlock_validate_pre
                0x0000014b      0x14b zephyr/subsys/zbus/libsubsys__zbus.a(zbus.c.obj)
 .text.z_spinlock_validate_pre
                0x00000296      0x14b zephyr/drivers/gpio/libdrivers__gpio.a(gpio_emul.c.obj)
 .text.z_spinlock_validate_pre
                0x000003e1      0x14b zephyr/kernel/libkernel.a(msg_q.c.obj)
 .text.z_spinlock_validate_pre
                0x0000052c      0x14b zephyr/kernel/libkernel.a(sem.c.obj)
 .text.z_spinlock_validate_pre
                0x00000677      0x14b zephyr/kernel/libkernel.a(work.c.obj)
 .text.z_spinlock_validate_pre
                0x000007c2      0x14b zephyr/kernel/libkernel.a(thread.c.obj)
 .text.z_spinlock_validate_pre
                0x0000090d      0x14b zephyr/kernel/libkernel.a(sched.c.obj)
 .text.z_spinlock_validate_pre
                0x00000a58      0x14b zephyr/kernel/libkernel.a(sleep.c.obj)
 .text.z_spinlock_validate_pre
                0x00000ba3      0x14b zephyr/kernel/libkernel.a(scheduler.c.obj)
 .text.z_spinlock_validate_pre
                0x00000cee      0x14b zephyr/kernel/libkernel.a(timeslicing.c.obj)
 .text.z_spinlock_validate_pre
                0x00000e39      0x14b zephyr/kernel/libkernel.a(timeout.c.obj)

.text.z_spinlock_validate_post
                0x00000000      0x3b4
 .text.z_spinlock_validate_post
                0x00000000       0x4f zephyr/libzephyr.a(clock.c.obj)
 .text.z_spinlock_validate_post
                0x0000004f       0x4f zephyr/subsys/zbus/libsubsys__zbus.a(zbus.c.obj)
 .text.z_spinlock_validate_post
                0x0000009e       0x4f zephyr/drivers/gpio/libdrivers__gpio.a(gpio_emul.c.obj)
 .text.z_spinlock_validate_post
                0x000000ed       0x4f zephyr/kernel/libkernel.a(msg_q.c.obj)
 .text.z_spinlock_validate_post
                0x0000013c       0x4f zephyr/kernel/libkernel.a(sem.c.obj)
 .text.z_spinlock_validate_post
                0x0000018b       0x4f zephyr/kernel/libkernel.a(work.c.obj)
 .text.z_spinlock_validate_post
                0x000001da       0x4f zephyr/kernel/libkernel.a(thread.c.obj)
 .text.z_spinlock_validate_post
                0x00000229       0x4f zephyr/kernel/libkernel.a(sched.c.obj)
 .text.z_spinlock_validate_post
                0x00000278       0x4f zephyr/kernel/libkernel.a(sleep.c.obj)
 .text.z_spinlock_validate_post
                0x000002c7       0x4f zephyr/kernel/libkernel.a(scheduler.c.obj)
 .text.z_spinlock_validate_post
                0x00000316       0x4f zephyr/kernel/libkernel.a(timeslicing.c.obj)
 .text.z_spinlock_validate_post
                0x00000365       0x4f zephyr/kernel/libkernel.a(timeout.c.obj)

.text.k_spin_lock
                0x00000000      0x81c
 .text.k_spin_lock
                0x00000000       0xad zephyr/libzephyr.a(clock.c.obj)
 .text.k_spin_lock
                0x000000ad       0xad zephyr/subsys/zbus/libsubsys__zbus.a(zbus.c.obj)
 .text.k_spin_lock
                0x0000015a       0xad zephyr/drivers/gpio/libdrivers__gpio.a(gpio_emul.c.obj)
 .text.k_spin_lock
                0x00000207       0xad zephyr/kernel/libkernel.a(msg_q.c.obj)
 .text.k_spin_lock
                0x000002b4       0xad zephyr/kernel/libkernel.a(sem.c.obj)
 .text.k_spin_lock
                0x00000361       0xad zephyr/kernel/libkernel.a(work.c.obj)
 .text.k_spin_lock
                0x0000040e       0xad zephyr/kernel/libkernel.a(thread.c.obj)
 .text.k_spin_lock
                0x000004bb       0xad zephyr/kernel/libkernel.a(sched.c.obj)
 .text.k_spin_lock
                0x00000568       0xad zephyr/kernel/libkernel.a(sleep.c.obj)
 .text.k_spin_lock
                0x00000615       0xad zephyr/kernel/libkernel.a(scheduler.c.obj)
 .text.k_spin_lock
                0x000006c2       0xad zephyr/kernel/libkernel.a(timeslicing.c.obj)
 .text.k_spin_lock
                0x0000076f       0xad zephyr/kernel/libkernel.a(timeout.c.obj)

.text.k_spin_unlock
                0x00000000     0x1012
 .text.k_spin_unlock
                0x00000000      0x176 zephyr/libzephyr.a(clock.c.obj)
 .text.k_spin_unlock
                0x00000176      0x176 zephyr/subsys/zbus/libsubsys__zbus.a(zbus.c.obj)
 .text.k_spin_unlock
                0x000002ec      0x176 zephyr/drivers/gpio/libdrivers__gpio.a(gpio_emul.c.obj)
 .text.k_spin_unlock
                0x00000462      0x176 zephyr/kernel/libkernel.a(msg_q.c.obj)
 .text.k_spin_unlock
                0x000005d8      0x176 zephyr/kernel/libkernel.a(sem.c.obj)
 .text.k_spin_unlock
                0x0000074e      0x176 zephyr/kernel/libkernel.a(work.c.obj)
 .text.k_spin_unlock
                0x000008c4      0x176 zephyr/kernel/libkernel.a(thread.c.obj)
 .text.k_spin_unlock
                0x00000a3a      0x176 zephyr/kernel/libkernel.a(sched.c.obj)
 .text.k_spin_unlock
                0x00000bb0      0x176 zephyr/kernel/libkernel.a(scheduler.c.obj)
 .text.k_spin_unlock
                0x00000d26      0x176 zephyr/kernel/libkernel.a(timeslicing.c.obj)
 .text.k_spin_unlock
                0x00000e9c      0x176 zephyr/kernel/libkernel.a(timeout.c.obj)

.text.z_spin_onexit
                0x00000000      0x5a5
 .text.z_spin_onexit
                0x00000000      0x121 zephyr/libzephyr.a(clock.c.obj)
 .text.z_spin_onexit
                0x00000121      0x121 zephyr/subsys/zbus/libsubsys__zbus.a(zbus.c.obj)
 .text.z_spin_onexit
                0x00000242      0x121 zephyr/kernel/libkernel.a(sched.c.obj)
 .text.z_spin_onexit
                0x00000363      0x121 zephyr/kernel/libkernel.a(scheduler.c.obj)
 .text.z_spin_onexit
                0x00000484      0x121 zephyr/kernel/libkernel.a(timeout.c.obj)

.text.reset_clock_offset
                0x00000000      0x112
 .text.reset_clock_offset
                0x00000000      0x112 zephyr/libzephyr.a(clock.c.obj)

.text.clock_offset_reset_rule_after
                0x00000000       0x46
 .text.clock_offset_reset_rule_after
                0x00000000       0x46 zephyr/libzephyr.a(clock.c.obj)

.text.cbvprintf
                0x00000000       0xba
 .text.cbvprintf
                0x00000000       0x5d zephyr/libzephyr.a(printk.c.obj)
 .text.cbvprintf
                0x0000005d       0x5d zephyr/libzephyr.a(log_output.c.obj)

.text.arch_printk_char_out
                0x00000000       0x26
 .text.arch_printk_char_out
                0x00000000       0x26 zephyr/libzephyr.a(printk.c.obj)
                0x00000000                arch_printk_char_out

.text.__printk_hook_install
                0x00000000       0x2a
 .text.__printk_hook_install
                0x00000000       0x2a zephyr/libzephyr.a(printk.c.obj)
                0x00000000                __printk_hook_install

.text.vprintk   0x00000000       0x7a
 .text.vprintk  0x00000000       0x7a zephyr/libzephyr.a(printk.c.obj)
                0x00000000                vprintk

.text.printk    0x00000000       0x7b
 .text.printk   0x00000000       0x7b zephyr/libzephyr.a(printk.c.obj)
                0x00000000                printk

.text.str_out   0x00000000       0xf7
 .text.str_out  0x00000000       0xf7 zephyr/libzephyr.a(printk.c.obj)

.text.snprintk  0x00000000       0x89
 .text.snprintk
                0x00000000       0x89 zephyr/libzephyr.a(printk.c.obj)
                0x00000000                snprintk

.text.vsnprintk
                0x00000000       0xce
 .text.vsnprintk
                0x00000000       0xce zephyr/libzephyr.a(printk.c.obj)
                0x00000000                vsnprintk

.text.extract_decimal
                0x00000000       0xa4
 .text.extract_decimal
                0x00000000       0xa4 zephyr/libzephyr.a(cbprintf_complete.c.obj)

.text.extract_flags
                0x00000000      0x1ca
 .text.extract_flags
                0x00000000      0x1ca zephyr/libzephyr.a(cbprintf_complete.c.obj)

.text.extract_width
                0x00000000      0x16d
 .text.extract_width
                0x00000000      0x16d zephyr/libzephyr.a(cbprintf_complete.c.obj)

.text.extract_prec
                0x00000000      0x183
 .text.extract_prec
                0x00000000      0x183 zephyr/libzephyr.a(cbprintf_complete.c.obj)

.text.extract_length
                0x00000000      0x20e
 .text.extract_length
                0x00000000      0x20e zephyr/libzephyr.a(cbprintf_complete.c.obj)

.text.extract_specifier
                0x00000000      0x2c3
 .text.extract_specifier
                0x00000000      0x2c3 zephyr/libzephyr.a(cbprintf_complete.c.obj)

.text.extract_conversion
                0x00000000      0x171
 .text.extract_conversion
                0x00000000      0x171 zephyr/libzephyr.a(cbprintf_complete.c.obj)

.text.conversion_radix
                0x00000000       0x97
 .text.conversion_radix
                0x00000000       0x97 zephyr/libzephyr.a(cbprintf_complete.c.obj)

.text.encode_uint
                0x00000000      0x20d
 .text.encode_uint
                0x00000000      0x20d zephyr/libzephyr.a(cbprintf_complete.c.obj)

.text.store_count
                0x00000000      0x18e
 .text.store_count
                0x00000000      0x18e zephyr/libzephyr.a(cbprintf_complete.c.obj)

.text.outs      0x00000000      0x10e
 .text.outs     0x00000000      0x10e zephyr/libzephyr.a(cbprintf_complete.c.obj)

.text.z_cbvprintf_impl
                0x00000000     0x1721
 .text.z_cbvprintf_impl
                0x00000000     0x1721 zephyr/libzephyr.a(cbprintf_complete.c.obj)
                0x00000000                z_cbvprintf_impl

.text.assert_post_action
                0x00000000       0x83
 .text.assert_post_action
                0x00000000       0x83 zephyr/libzephyr.a(assert.c.obj)
                0x00000000                assert_post_action

.text.assert_print
                0x00000000       0x7b
 .text.assert_print
                0x00000000       0x7b zephyr/libzephyr.a(assert.c.obj)
                0x00000000                assert_print

.text._ConfigAbsSyms
                0x00000000     0x2552
 .text._ConfigAbsSyms
                0x00000000     0x2552 zephyr/libzephyr.a(configs.c.obj)
                0x00000000                _ConfigAbsSyms

.text.atomic_add
                0x00000000       0x2d
 .text.atomic_add
                0x00000000       0x2d zephyr/libzephyr.a(log_core.c.obj)

.text.atomic_sub
                0x00000000       0x2f
 .text.atomic_sub
                0x00000000       0x2f zephyr/libzephyr.a(log_core.c.obj)

.text.atomic_inc
                0x00000000       0x4e
 .text.atomic_inc
                0x00000000       0x4e zephyr/libzephyr.a(log_core.c.obj)

.text.atomic_dec
                0x00000000       0x4e
 .text.atomic_dec
                0x00000000       0x4e zephyr/libzephyr.a(log_core.c.obj)

.text.atomic_get
                0x00000000       0x26
 .text.atomic_get
                0x00000000       0x26 zephyr/libzephyr.a(log_core.c.obj)

.text.arch_k_cycle_get_32
                0x00000000       0x92
 .text.arch_k_cycle_get_32
                0x00000000       0x49 zephyr/libzephyr.a(log_core.c.obj)
 .text.arch_k_cycle_get_32
                0x00000049       0x49 zephyr/subsys/testsuite/ztest/libsubsys__testsuite__ztest.a(ztest.c.obj)

.text.z_log_item_is_msg
                0x00000000       0x2f
 .text.z_log_item_is_msg
                0x00000000       0x2f zephyr/libzephyr.a(log_core.c.obj)

.text.k_cycle_get_32
                0x00000000       0x92
 .text.k_cycle_get_32
                0x00000000       0x49 zephyr/libzephyr.a(log_core.c.obj)
 .text.k_cycle_get_32
                0x00000049       0x49 zephyr/subsys/testsuite/ztest/libsubsys__testsuite__ztest.a(ztest.c.obj)

.text.log_backend_init
                0x00000000      0x153
 .text.log_backend_init
                0x00000000      0x153 zephyr/libzephyr.a(log_core.c.obj)

.text.log_backend_is_ready
                0x00000000      0x153
 .text.log_backend_is_ready
                0x00000000      0x153 zephyr/libzephyr.a(log_core.c.obj)

.text.log_backend_msg_process
                0x00000000      0x1f0
 .text.log_backend_msg_process
                0x00000000      0x1f0 zephyr/libzephyr.a(log_core.c.obj)

.text.log_backend_panic
                0x00000000      0x121
 .text.log_backend_panic
                0x00000000      0x121 zephyr/libzephyr.a(log_core.c.obj)

.text.log_backend_id_set
                0x00000000      0x105
 .text.log_backend_id_set
                0x00000000      0x105 zephyr/libzephyr.a(log_core.c.obj)

.text.log_backend_get
                0x00000000       0x51
 .text.log_backend_get
                0x00000000       0x51 zephyr/libzephyr.a(log_core.c.obj)

.text.log_backend_count_get
                0x00000000       0x55
 .text.log_backend_count_get
                0x00000000       0x55 zephyr/libzephyr.a(log_core.c.obj)

.text.log_backend_is_active
                0x00000000       0xfb
 .text.log_backend_is_active
                0x00000000       0xfb zephyr/libzephyr.a(log_core.c.obj)

.text.log_format_func_t_get
                0x00000000       0x2b
 .text.log_format_func_t_get
                0x00000000       0x2b zephyr/libzephyr.a(log_core.c.obj)
                0x00000000                log_format_func_t_get

.text.dummy_timestamp
                0x00000000       0x26
 .text.dummy_timestamp
                0x00000000       0x26 zephyr/libzephyr.a(log_core.c.obj)

.text.z_log_vprintk
                0x00000000       0x5a
 .text.z_log_vprintk
                0x00000000       0x5a zephyr/libzephyr.a(log_core.c.obj)
                0x00000000                z_log_vprintk

.text.default_get_timestamp
                0x00000000       0x4a
 .text.default_get_timestamp
                0x00000000       0x4a zephyr/libzephyr.a(log_core.c.obj)

.text.log_core_init
                0x00000000      0x21d
 .text.log_core_init
                0x00000000      0x21d zephyr/libzephyr.a(log_core.c.obj)
                0x00000000                log_core_init

.text.activate_foreach_backend
                0x00000000      0x169
 .text.activate_foreach_backend
                0x00000000      0x169 zephyr/libzephyr.a(log_core.c.obj)

.text.z_log_init
                0x00000000      0x485
 .text.z_log_init
                0x00000000      0x485 zephyr/libzephyr.a(log_core.c.obj)

.text.log_set_timestamp_func
                0x00000000       0x8c
 .text.log_set_timestamp_func
                0x00000000       0x8c zephyr/libzephyr.a(log_core.c.obj)
                0x00000000                log_set_timestamp_func

.text.z_impl_log_panic
                0x00000000      0x236
 .text.z_impl_log_panic
                0x00000000      0x236 zephyr/libzephyr.a(log_core.c.obj)
                0x00000000                z_impl_log_panic

.text.msg_filter_check
                0x00000000       0x80
 .text.msg_filter_check
                0x00000000       0x80 zephyr/libzephyr.a(log_core.c.obj)

.text.msg_process
                0x00000000      0x22b
 .text.msg_process
                0x00000000      0x22b zephyr/libzephyr.a(log_core.c.obj)

.text.z_log_notify_backend_enabled
                0x00000000       0x29
 .text.z_log_notify_backend_enabled
                0x00000000       0x29 zephyr/libzephyr.a(log_core.c.obj)
                0x00000000                z_log_notify_backend_enabled

.text.z_log_dropped
                0x00000000       0xa5
 .text.z_log_dropped
                0x00000000       0xa5 zephyr/libzephyr.a(log_core.c.obj)
                0x00000000                z_log_dropped

.text.msg_alloc
                0x00000000       0x2a
 .text.msg_alloc
                0x00000000       0x2a zephyr/libzephyr.a(log_core.c.obj)

.text.process_lock_acquire_if_needed
                0x00000000       0x5f
 .text.process_lock_acquire_if_needed
                0x00000000       0x5f zephyr/libzephyr.a(log_core.c.obj)

.text.process_lock_release_if_needed
                0x00000000       0x2b
 .text.process_lock_release_if_needed
                0x00000000       0x2b zephyr/libzephyr.a(log_core.c.obj)

.text.z_log_msg_alloc
                0x00000000       0x51
 .text.z_log_msg_alloc
                0x00000000       0x51 zephyr/libzephyr.a(log_core.c.obj)
                0x00000000                z_log_msg_alloc

.text.msg_commit
                0x00000000       0xd9
 .text.msg_commit
                0x00000000       0xd9 zephyr/libzephyr.a(log_core.c.obj)

.text.z_log_msg_commit
                0x00000000       0x7f
 .text.z_log_msg_commit
                0x00000000       0x7f zephyr/libzephyr.a(log_core.c.obj)
                0x00000000                z_log_msg_commit

.text.z_log_get_tag
                0x00000000       0x26
 .text.z_log_get_tag
                0x00000000       0x26 zephyr/libzephyr.a(log_core.c.obj)
                0x00000000                z_log_get_tag

.text.enable_logger
                0x00000000       0x54
 .text.enable_logger
                0x00000000       0x54 zephyr/libzephyr.a(log_core.c.obj)

.text.log_const_source_id
                0x00000000       0x58
 .text.log_const_source_id
                0x00000000       0x2c zephyr/libzephyr.a(log_mgmt.c.obj)
 .text.log_const_source_id
                0x0000002c       0x2c zephyr/libzephyr.a(log_msg.c.obj)

.text.z_log_sources_count
                0x00000000       0x51
 .text.z_log_sources_count
                0x00000000       0x51 zephyr/libzephyr.a(log_mgmt.c.obj)

.text.z_log_is_local_domain
                0x00000000       0x5e
 .text.z_log_is_local_domain
                0x00000000       0x2f zephyr/libzephyr.a(log_mgmt.c.obj)
 .text.z_log_is_local_domain
                0x0000002f       0x2f zephyr/libzephyr.a(log_msg.c.obj)

.text.log_backend_activate
                0x00000000      0x107
 .text.log_backend_activate
                0x00000000      0x107 zephyr/libzephyr.a(log_mgmt.c.obj)

.text.log_link_sources_count
                0x00000000       0xff
 .text.log_link_sources_count
                0x00000000       0xff zephyr/libzephyr.a(log_mgmt.c.obj)

.text.log_link_get_source_name
                0x00000000      0x206
 .text.log_link_get_source_name
                0x00000000      0x206 zephyr/libzephyr.a(log_mgmt.c.obj)

.text.get_link_domain
                0x00000000      0x1c3
 .text.get_link_domain
                0x00000000      0x1c3 zephyr/libzephyr.a(log_mgmt.c.obj)

.text.link_source_count
                0x00000000      0x17c
 .text.link_source_count
                0x00000000      0x17c zephyr/libzephyr.a(log_mgmt.c.obj)

.text.log_src_cnt_get
                0x00000000       0xce
 .text.log_src_cnt_get
                0x00000000       0xce zephyr/libzephyr.a(log_mgmt.c.obj)
                0x00000000                log_src_cnt_get

.text.link_source_name_get
                0x00000000      0x261
 .text.link_source_name_get
                0x00000000      0x261 zephyr/libzephyr.a(log_mgmt.c.obj)

.text.log_source_name_get
                0x00000000      0x109
 .text.log_source_name_get
                0x00000000      0x109 zephyr/libzephyr.a(log_mgmt.c.obj)
                0x00000000                log_source_name_get

.text.backend_filter_set
                0x00000000       0x22
 .text.backend_filter_set
                0x00000000       0x22 zephyr/libzephyr.a(log_mgmt.c.obj)

.text.log_backend_enable
                0x00000000       0xa9
 .text.log_backend_enable
                0x00000000       0xa9 zephyr/libzephyr.a(log_mgmt.c.obj)
                0x00000000                log_backend_enable

.text.z_snode_next_peek
                0x00000000       0x72
 .text.z_snode_next_peek
                0x00000000       0x26 zephyr/libzephyr.a(log_cache.c.obj)
 .text.z_snode_next_peek
                0x00000026       0x26 zephyr/drivers/gpio/libdrivers__gpio.a(gpio_emul.c.obj)
 .text.z_snode_next_peek
                0x0000004c       0x26 zephyr/kernel/libkernel.a(work.c.obj)

.text.z_snode_next_set
                0x00000000       0x7e
 .text.z_snode_next_set
                0x00000000       0x2a zephyr/libzephyr.a(log_cache.c.obj)
 .text.z_snode_next_set
                0x0000002a       0x2a zephyr/drivers/gpio/libdrivers__gpio.a(gpio_emul.c.obj)
 .text.z_snode_next_set
                0x00000054       0x2a zephyr/kernel/libkernel.a(work.c.obj)

.text.z_slist_head_set
                0x00000000       0x7e
 .text.z_slist_head_set
                0x00000000       0x2a zephyr/libzephyr.a(log_cache.c.obj)
 .text.z_slist_head_set
                0x0000002a       0x2a zephyr/drivers/gpio/libdrivers__gpio.a(gpio_emul.c.obj)
 .text.z_slist_head_set
                0x00000054       0x2a zephyr/kernel/libkernel.a(work.c.obj)

.text.z_slist_tail_set
                0x00000000       0x81
 .text.z_slist_tail_set
                0x00000000       0x2b zephyr/libzephyr.a(log_cache.c.obj)
 .text.z_slist_tail_set
                0x0000002b       0x2b zephyr/drivers/gpio/libdrivers__gpio.a(gpio_emul.c.obj)
 .text.z_slist_tail_set
                0x00000056       0x2b zephyr/kernel/libkernel.a(work.c.obj)

.text.sys_slist_peek_head
                0x00000000       0x72
 .text.sys_slist_peek_head
                0x00000000       0x26 zephyr/libzephyr.a(log_cache.c.obj)
 .text.sys_slist_peek_head
                0x00000026       0x26 zephyr/drivers/gpio/libdrivers__gpio.a(gpio_emul.c.obj)
 .text.sys_slist_peek_head
                0x0000004c       0x26 zephyr/kernel/libkernel.a(work.c.obj)

.text.sys_slist_peek_tail
                0x00000000       0x75
 .text.sys_slist_peek_tail
                0x00000000       0x27 zephyr/libzephyr.a(log_cache.c.obj)
 .text.sys_slist_peek_tail
                0x00000027       0x27 zephyr/drivers/gpio/libdrivers__gpio.a(gpio_emul.c.obj)
 .text.sys_slist_peek_tail
                0x0000004e       0x27 zephyr/kernel/libkernel.a(work.c.obj)

.text.sys_slist_is_empty
                0x00000000       0xf6
 .text.sys_slist_is_empty
                0x00000000       0x52 zephyr/libzephyr.a(log_cache.c.obj)
 .text.sys_slist_is_empty
                0x00000052       0x52 zephyr/drivers/gpio/libdrivers__gpio.a(gpio_emul.c.obj)
 .text.sys_slist_is_empty
                0x000000a4       0x52 zephyr/kernel/libkernel.a(work.c.obj)

.text.sys_slist_peek_next_no_check
                0x00000000       0xed
 .text.sys_slist_peek_next_no_check
                0x00000000       0x4f zephyr/libzephyr.a(log_cache.c.obj)
 .text.sys_slist_peek_next_no_check
                0x0000004f       0x4f zephyr/drivers/gpio/libdrivers__gpio.a(gpio_emul.c.obj)
 .text.sys_slist_peek_next_no_check
                0x0000009e       0x4f zephyr/kernel/libkernel.a(work.c.obj)

.text.sys_slist_peek_next
                0x00000000      0x168
 .text.sys_slist_peek_next
                0x00000000       0x78 zephyr/libzephyr.a(log_cache.c.obj)
 .text.sys_slist_peek_next
                0x00000078       0x78 zephyr/drivers/gpio/libdrivers__gpio.a(gpio_emul.c.obj)
 .text.sys_slist_peek_next
                0x000000f0       0x78 zephyr/kernel/libkernel.a(work.c.obj)

.text.sys_slist_prepend
                0x00000000      0x27e
 .text.sys_slist_prepend
                0x00000000      0x13f zephyr/libzephyr.a(log_cache.c.obj)
 .text.sys_slist_prepend
                0x0000013f      0x13f zephyr/drivers/gpio/libdrivers__gpio.a(gpio_emul.c.obj)

.text.sys_slist_get_not_empty
                0x00000000      0x296
 .text.sys_slist_get_not_empty
                0x00000000      0x14b zephyr/libzephyr.a(log_cache.c.obj)
 .text.sys_slist_get_not_empty
                0x0000014b      0x14b zephyr/kernel/libkernel.a(work.c.obj)

.text.sys_slist_get
                0x00000000      0x144
 .text.sys_slist_get
                0x00000000       0xa2 zephyr/libzephyr.a(log_cache.c.obj)
 .text.sys_slist_get
                0x000000a2       0xa2 zephyr/kernel/libkernel.a(work.c.obj)

.text.sys_slist_remove
                0x00000000      0x6ab
 .text.sys_slist_remove
                0x00000000      0x239 zephyr/libzephyr.a(log_cache.c.obj)
 .text.sys_slist_remove
                0x00000239      0x239 zephyr/drivers/gpio/libdrivers__gpio.a(gpio_emul.c.obj)
 .text.sys_slist_remove
                0x00000472      0x239 zephyr/kernel/libkernel.a(work.c.obj)

.text.log_cache_get
                0x00000000      0x39a
 .text.log_cache_get
                0x00000000      0x39a zephyr/libzephyr.a(log_cache.c.obj)
                0x00000000                log_cache_get

.text.log_cache_put
                0x00000000       0x5a
 .text.log_cache_put
                0x00000000       0x5a zephyr/libzephyr.a(log_cache.c.obj)
                0x00000000                log_cache_put

.text.k_is_user_context
                0x00000000       0xbe
 .text.k_is_user_context
                0x00000000       0x26 zephyr/libzephyr.a(log_msg.c.obj)
 .text.k_is_user_context
                0x00000026       0x26 zephyr/libzephyr.a(thread_entry.c.obj)
 .text.k_is_user_context
                0x0000004c       0x26 zephyr/subsys/testsuite/ztest/libsubsys__testsuite__ztest.a(ztest.c.obj)
 .text.k_is_user_context
                0x00000072       0x26 zephyr/subsys/input/libsubsys__input.a(input.c.obj)
 .text.k_is_user_context
                0x00000098       0x26 zephyr/subsys/zbus/libsubsys__zbus.a(zbus.c.obj)

.text.z_cbprintf_cpy
                0x00000000       0xbc
 .text.z_cbprintf_cpy
                0x00000000       0xbc zephyr/libzephyr.a(log_msg.c.obj)

.text.cbprintf_package_copy
                0x00000000       0xd2
 .text.cbprintf_package_copy
                0x00000000       0xd2 zephyr/libzephyr.a(log_msg.c.obj)

.text.log_msg_get_total_wlen
                0x00000000       0x47
 .text.log_msg_get_total_wlen
                0x00000000       0x47 zephyr/libzephyr.a(log_msg.c.obj)

.text.log_msg_get_domain
                0x00000000       0x5a
 .text.log_msg_get_domain
                0x00000000       0x2d zephyr/libzephyr.a(log_msg.c.obj)
 .text.log_msg_get_domain
                0x0000002d       0x2d zephyr/libzephyr.a(log_output.c.obj)

.text.log_msg_get_source
                0x00000000       0x27
 .text.log_msg_get_source
                0x00000000       0x27 zephyr/libzephyr.a(log_msg.c.obj)

.text.z_log_msg_static_create
                0x00000000       0x71
 .text.z_log_msg_static_create
                0x00000000       0x71 zephyr/libzephyr.a(log_msg.c.obj)

.text.log_source_id
                0x00000000       0x4f
 .text.log_source_id
                0x00000000       0x4f zephyr/libzephyr.a(log_msg.c.obj)

.text.z_log_msg_finalize
                0x00000000      0x106
 .text.z_log_msg_finalize
                0x00000000      0x106 zephyr/libzephyr.a(log_msg.c.obj)
                0x00000000                z_log_msg_finalize

.text.z_impl_z_log_msg_static_create
                0x00000000      0x3f8
 .text.z_impl_z_log_msg_static_create
                0x00000000      0x3f8 zephyr/libzephyr.a(log_msg.c.obj)
                0x00000000                z_impl_z_log_msg_static_create

.text.z_log_msg_runtime_vcreate
                0x00000000      0x688
 .text.z_log_msg_runtime_vcreate
                0x00000000      0x688 zephyr/libzephyr.a(log_msg.c.obj)
                0x00000000                z_log_msg_runtime_vcreate

.text.log_msg_get_source_id
                0x00000000      0x157
 .text.log_msg_get_source_id
                0x00000000      0x157 zephyr/libzephyr.a(log_msg.c.obj)
                0x00000000                log_msg_get_source_id

.text.cbpprintf
                0x00000000       0x5a
 .text.cbpprintf
                0x00000000       0x5a zephyr/libzephyr.a(log_output.c.obj)

.text.log_msg_get_level
                0x00000000       0x2e
 .text.log_msg_get_level
                0x00000000       0x2e zephyr/libzephyr.a(log_output.c.obj)

.text.log_msg_get_timestamp
                0x00000000       0x27
 .text.log_msg_get_timestamp
                0x00000000       0x27 zephyr/libzephyr.a(log_output.c.obj)

.text.log_msg_get_tid
                0x00000000       0x26
 .text.log_msg_get_tid
                0x00000000       0x26 zephyr/libzephyr.a(log_output.c.obj)

.text.log_msg_get_core_id
                0x00000000       0x26
 .text.log_msg_get_core_id
                0x00000000       0x26 zephyr/libzephyr.a(log_output.c.obj)

.text.log_msg_get_data
                0x00000000       0x4b
 .text.log_msg_get_data
                0x00000000       0x4b zephyr/libzephyr.a(log_output.c.obj)

.text.log_msg_get_package
                0x00000000       0x3b
 .text.log_msg_get_package
                0x00000000       0x3b zephyr/libzephyr.a(log_output.c.obj)

.text.log_output_write
                0x00000000      0x112
 .text.log_output_write
                0x00000000       0x89 zephyr/libzephyr.a(log_output.c.obj)
 .text.log_output_write
                0x00000089       0x89 zephyr/libzephyr.a(log_backend_native_posix.c.obj)

.text.log_output_flush
                0x00000000       0xf6
 .text.log_output_flush
                0x00000000       0x7b zephyr/libzephyr.a(log_output.c.obj)
 .text.log_output_flush
                0x0000007b       0x7b zephyr/libzephyr.a(log_backend_native_posix.c.obj)

.text.out_func  0x00000000       0x90
 .text.out_func
                0x00000000       0x90 zephyr/libzephyr.a(log_output.c.obj)

.text.cr_out_func
                0x00000000       0xa4
 .text.cr_out_func
                0x00000000       0xa4 zephyr/libzephyr.a(log_output.c.obj)

.text.print_formatted
                0x00000000       0x92
 .text.print_formatted
                0x00000000       0x92 zephyr/libzephyr.a(log_output.c.obj)

.text.timestamp_print
                0x00000000      0x1e8
 .text.timestamp_print
                0x00000000      0x1e8 zephyr/libzephyr.a(log_output.c.obj)

.text.color_print
                0x00000000       0xe9
 .text.color_print
                0x00000000       0xe9 zephyr/libzephyr.a(log_output.c.obj)

.text.color_prefix
                0x00000000       0x5c
 .text.color_prefix
                0x00000000       0x5c zephyr/libzephyr.a(log_output.c.obj)

.text.color_postfix
                0x00000000       0x5c
 .text.color_postfix
                0x00000000       0x5c zephyr/libzephyr.a(log_output.c.obj)

.text.ids_print
                0x00000000      0x1bc
 .text.ids_print
                0x00000000      0x1bc zephyr/libzephyr.a(log_output.c.obj)

.text.newline_print
                0x00000000       0xd5
 .text.newline_print
                0x00000000       0xd5 zephyr/libzephyr.a(log_output.c.obj)

.text.hexdump_line_print
                0x00000000      0x3ab
 .text.hexdump_line_print
                0x00000000      0x3ab zephyr/libzephyr.a(log_output.c.obj)

.text.log_msg_hexdump
                0x00000000       0x9b
 .text.log_msg_hexdump
                0x00000000       0x9b zephyr/libzephyr.a(log_output.c.obj)

.text.prefix_print
                0x00000000      0x328
 .text.prefix_print
                0x00000000      0x328 zephyr/libzephyr.a(log_output.c.obj)

.text.postfix_print
                0x00000000       0x96
 .text.postfix_print
                0x00000000       0x96 zephyr/libzephyr.a(log_output.c.obj)

.text.log_output_process
                0x00000000      0x355
 .text.log_output_process
                0x00000000      0x355 zephyr/libzephyr.a(log_output.c.obj)
                0x00000000                log_output_process

.text.log_output_msg_process
                0x00000000      0x2a6
 .text.log_output_msg_process
                0x00000000      0x2a6 zephyr/libzephyr.a(log_output.c.obj)
                0x00000000                log_output_msg_process

.text.log_output_timestamp_freq_set
                0x00000000       0x6f
 .text.log_output_timestamp_freq_set
                0x00000000       0x6f zephyr/libzephyr.a(log_output.c.obj)
                0x00000000                log_output_timestamp_freq_set

.text.log_backend_std_get_flags
                0x00000000       0x3e
 .text.log_backend_std_get_flags
                0x00000000       0x3e zephyr/libzephyr.a(log_backend_native_posix.c.obj)

.text.preprint_char
                0x00000000       0xfa
 .text.preprint_char
                0x00000000       0xfa zephyr/libzephyr.a(log_backend_native_posix.c.obj)

.text.char_out  0x00000000       0x8e
 .text.char_out
                0x00000000       0x8e zephyr/libzephyr.a(log_backend_native_posix.c.obj)

.text.panic     0x00000000       0x51
 .text.panic    0x00000000       0x51 zephyr/libzephyr.a(log_backend_native_posix.c.obj)

.text.process   0x00000000       0xac
 .text.process  0x00000000       0xac zephyr/libzephyr.a(log_backend_native_posix.c.obj)

.text.format_set
                0x00000000       0x2e
 .text.format_set
                0x00000000       0x2e zephyr/libzephyr.a(log_backend_native_posix.c.obj)

.text.sys_trace_isr_enter
                0x00000000       0x22
 .text.sys_trace_isr_enter
                0x00000000       0x22 zephyr/libzephyr.a(tracing_none.c.obj)
                0x00000000                sys_trace_isr_enter

.text.sys_trace_isr_exit
                0x00000000       0x22
 .text.sys_trace_isr_exit
                0x00000000       0x22 zephyr/libzephyr.a(tracing_none.c.obj)
                0x00000000                sys_trace_isr_exit

.text.k_is_pre_kernel
                0x00000000      0x28c
 .text.k_is_pre_kernel
                0x00000000       0xa3 zephyr/libzephyr.a(thread_entry.c.obj)
 .text.k_is_pre_kernel
                0x000000a3       0xa3 zephyr/subsys/testsuite/ztest/libsubsys__testsuite__ztest.a(ztest.c.obj)
 .text.k_is_pre_kernel
                0x00000146       0xa3 zephyr/subsys/input/libsubsys__input.a(input.c.obj)
 .text.k_is_pre_kernel
                0x000001e9       0xa3 zephyr/subsys/zbus/libsubsys__zbus.a(zbus.c.obj)

.text.k_current_get
                0x00000000      0x508
 .text.k_current_get
                0x00000000      0x142 zephyr/libzephyr.a(thread_entry.c.obj)
 .text.k_current_get
                0x00000142      0x142 zephyr/subsys/testsuite/ztest/libsubsys__testsuite__ztest.a(ztest.c.obj)
 .text.k_current_get
                0x00000284      0x142 zephyr/subsys/input/libsubsys__input.a(input.c.obj)
 .text.k_current_get
                0x000003c6      0x142 zephyr/subsys/zbus/libsubsys__zbus.a(zbus.c.obj)

.text.k_sched_current_thread_query
                0x00000000      0x194
 .text.k_sched_current_thread_query
                0x00000000       0x65 zephyr/libzephyr.a(thread_entry.c.obj)
 .text.k_sched_current_thread_query
                0x00000065       0x65 zephyr/subsys/testsuite/ztest/libsubsys__testsuite__ztest.a(ztest.c.obj)
 .text.k_sched_current_thread_query
                0x000000ca       0x65 zephyr/subsys/input/libsubsys__input.a(input.c.obj)
 .text.k_sched_current_thread_query
                0x0000012f       0x65 zephyr/subsys/zbus/libsubsys__zbus.a(zbus.c.obj)

.text.k_thread_abort
                0x00000000      0x141
 .text.k_thread_abort
                0x00000000       0x6b zephyr/libzephyr.a(thread_entry.c.obj)
 .text.k_thread_abort
                0x0000006b       0x6b zephyr/subsys/testsuite/ztest/libsubsys__testsuite__ztest.a(ztest.c.obj)
 .text.k_thread_abort
                0x000000d6       0x6b zephyr/kernel/libkernel.a(fatal.c.obj)

.text.z_thread_entry
                0x00000000       0xb2
 .text.z_thread_entry
                0x00000000       0xb2 zephyr/libzephyr.a(thread_entry.c.obj)
                0x00000000                z_thread_entry

.text.arch_cpu_idle
                0x00000000       0x67
 .text.arch_cpu_idle
                0x00000000       0x67 zephyr/arch/arch/posix/core/libarch__posix__core.a(cpuhalt.c.obj)
                0x00000000                arch_cpu_idle

.text.arch_system_halt
                0x00000000       0x81
 .text.arch_system_halt
                0x00000000       0x81 zephyr/arch/arch/posix/core/libarch__posix__core.a(fatal.c.obj)
                0x00000000                arch_system_halt

.text.arch_irq_enable
                0x00000000       0x4f
 .text.arch_irq_enable
                0x00000000       0x4f zephyr/arch/arch/posix/core/libarch__posix__core.a(irq.c.obj)
                0x00000000                arch_irq_enable

.text.arch_swap
                0x00000000       0xcc
 .text.arch_swap
                0x00000000       0xcc zephyr/arch/arch/posix/core/libarch__posix__core.a(swap.c.obj)
                0x00000000                arch_swap

.text.arch_switch_to_main_thread
                0x00000000       0x68
 .text.arch_switch_to_main_thread
                0x00000000       0x68 zephyr/arch/arch/posix/core/libarch__posix__core.a(swap.c.obj)
                0x00000000                arch_switch_to_main_thread

.text.arch_new_thread
                0x00000000       0x96
 .text.arch_new_thread
                0x00000000       0x96 zephyr/arch/arch/posix/core/libarch__posix__core.a(thread.c.obj)
                0x00000000                arch_new_thread

.text.arch_thread_name_set
                0x00000000      0x12a
 .text.arch_thread_name_set
                0x00000000      0x12a zephyr/arch/arch/posix/core/libarch__posix__core.a(thread.c.obj)
                0x00000000                arch_thread_name_set

.text.posix_arch_thread_entry
                0x00000000       0x6a
 .text.posix_arch_thread_entry
                0x00000000       0x6a zephyr/arch/arch/posix/core/libarch__posix__core.a(thread.c.obj)
                0x00000000                posix_arch_thread_entry

.text.arch_coprocessors_disable
                0x00000000       0x26
 .text.arch_coprocessors_disable
                0x00000000       0x26 zephyr/arch/arch/posix/core/libarch__posix__core.a(thread.c.obj)
                0x00000000                arch_coprocessors_disable

.text.z_impl_k_thread_abort
                0x00000000      0x1be
 .text.z_impl_k_thread_abort
                0x00000000      0x1be zephyr/arch/arch/posix/core/libarch__posix__core.a(thread.c.obj)
                0x00000000                z_impl_k_thread_abort

.text.posix_arch_init
                0x00000000       0x59
 .text.posix_arch_init
                0x00000000       0x59 zephyr/arch/arch/posix/core/libarch__posix__core.a(posix_core_nsi.c.obj)
                0x00000000                posix_arch_init

.text.posix_arch_clean_up
                0x00000000       0x52
 .text.posix_arch_clean_up
                0x00000000       0x52 zephyr/arch/arch/posix/core/libarch__posix__core.a(posix_core_nsi.c.obj)
                0x00000000                posix_arch_clean_up

.text.posix_swap
                0x00000000       0x55
 .text.posix_swap
                0x00000000       0x55 zephyr/arch/arch/posix/core/libarch__posix__core.a(posix_core_nsi.c.obj)
                0x00000000                posix_swap

.text.posix_main_thread_start
                0x00000000       0x55
 .text.posix_main_thread_start
                0x00000000       0x55 zephyr/arch/arch/posix/core/libarch__posix__core.a(posix_core_nsi.c.obj)
                0x00000000                posix_main_thread_start

.text.posix_new_thread
                0x00000000       0x58
 .text.posix_new_thread
                0x00000000       0x58 zephyr/arch/arch/posix/core/libarch__posix__core.a(posix_core_nsi.c.obj)
                0x00000000                posix_new_thread

.text.posix_abort_thread
                0x00000000       0x55
 .text.posix_abort_thread
                0x00000000       0x55 zephyr/arch/arch/posix/core/libarch__posix__core.a(posix_core_nsi.c.obj)
                0x00000000                posix_abort_thread

.text.posix_arch_thread_name_set
                0x00000000       0x5b
 .text.posix_arch_thread_name_set
                0x00000000       0x5b zephyr/arch/arch/posix/core/libarch__posix__core.a(posix_core_nsi.c.obj)
                0x00000000                posix_arch_thread_name_set

.text.posix_is_cpu_running
                0x00000000       0x55
 .text.posix_is_cpu_running
                0x00000000       0x55 zephyr/soc/soc/native/libsoc__native__inf_clock.a(soc.c.obj)
                0x00000000                posix_is_cpu_running

.text.posix_interrupt_raised
                0x00000000       0x52
 .text.posix_interrupt_raised
                0x00000000       0x52 zephyr/soc/soc/native/libsoc__native__inf_clock.a(soc.c.obj)
                0x00000000                posix_interrupt_raised

.text.posix_halt_cpu
                0x00000000       0x73
 .text.posix_halt_cpu
                0x00000000       0x73 zephyr/soc/soc/native/libsoc__native__inf_clock.a(soc.c.obj)
                0x00000000                posix_halt_cpu

.text.posix_boot_cpu
                0x00000000       0xa1
 .text.posix_boot_cpu
                0x00000000       0xa1 zephyr/soc/soc/native/libsoc__native__inf_clock.a(soc.c.obj)
                0x00000000                posix_boot_cpu

.text.posix_soc_clean_up
                0x00000000       0x9c
 .text.posix_soc_clean_up
                0x00000000       0x9c zephyr/soc/soc/native/libsoc__native__inf_clock.a(soc.c.obj)
                0x00000000                posix_soc_clean_up

.text.run_native_tasks
                0x00000000       0xaf
 .text.run_native_tasks
                0x00000000       0xaf zephyr/soc/soc/native/libsoc__native__inf_clock.a(native_tasks.c.obj)
                0x00000000                run_native_tasks

.text.native_add_command_line_opts
                0x00000000       0x4f
 .text.native_add_command_line_opts
                0x00000000       0x4f zephyr/boards/native/native_sim/libboards__native__native_sim.a(cmdline.c.obj)
                0x00000000                native_add_command_line_opts

.text.z_swap_irqlock
                0x00000000      0x208
 .text.z_swap_irqlock
                0x00000000       0x82 zephyr/boards/native/native_sim/libboards__native__native_sim.a(irq_handler.c.obj)
 .text.z_swap_irqlock
                0x00000082       0x82 zephyr/kernel/libkernel.a(thread.c.obj)
 .text.z_swap_irqlock
                0x00000104       0x82 zephyr/kernel/libkernel.a(sched.c.obj)
 .text.z_swap_irqlock
                0x00000186       0x82 zephyr/kernel/libkernel.a(sleep.c.obj)

.text.vector_to_irq
                0x00000000      0x17f
 .text.vector_to_irq
                0x00000000      0x17f zephyr/boards/native/native_sim/libboards__native__native_sim.a(irq_handler.c.obj)

.text.posix_irq_handler
                0x00000000      0x360
 .text.posix_irq_handler
                0x00000000      0x360 zephyr/boards/native/native_sim/libboards__native__native_sim.a(irq_handler.c.obj)
                0x00000000                posix_irq_handler

.text.posix_irq_lock
                0x00000000       0x51
 .text.posix_irq_lock
                0x00000000       0x51 zephyr/boards/native/native_sim/libboards__native__native_sim.a(irq_handler.c.obj)
                0x00000000                posix_irq_lock

.text.posix_irq_unlock
                0x00000000       0x4f
 .text.posix_irq_unlock
                0x00000000       0x4f zephyr/boards/native/native_sim/libboards__native__native_sim.a(irq_handler.c.obj)
                0x00000000                posix_irq_unlock

.text.posix_irq_full_unlock
                0x00000000       0x4e
 .text.posix_irq_full_unlock
                0x00000000       0x4e zephyr/boards/native/native_sim/libboards__native__native_sim.a(irq_handler.c.obj)
                0x00000000                posix_irq_full_unlock

.text.posix_irq_enable
                0x00000000       0x4f
 .text.posix_irq_enable
                0x00000000       0x4f zephyr/boards/native/native_sim/libboards__native__native_sim.a(irq_handler.c.obj)
                0x00000000                posix_irq_enable

.text.posix_isr_declare
                0x00000000       0xbb
 .text.posix_isr_declare
                0x00000000       0xbb zephyr/boards/native/native_sim/libboards__native__native_sim.a(irq_handler.c.obj)
                0x00000000                posix_isr_declare

.text.posix_irq_priority_set
                0x00000000       0xa4
 .text.posix_irq_priority_set
                0x00000000       0xa4 zephyr/boards/native/native_sim/libboards__native__native_sim.a(irq_handler.c.obj)
                0x00000000                posix_irq_priority_set

.text.posix_exit
                0x00000000       0x2d
 .text.posix_exit
                0x00000000       0x2d zephyr/boards/native/native_sim/libboards__native__native_sim.a(posix_arch_if.c.obj)
                0x00000000                posix_exit

.text.posix_print_error_and_exit
                0x00000000       0x48
 .text.posix_print_error_and_exit
                0x00000000       0x48 zephyr/boards/native/native_sim/libboards__native__native_sim.a(posix_arch_if.c.obj)
                0x00000000                posix_print_error_and_exit

.text.posix_print_warning
                0x00000000       0x7b
 .text.posix_print_warning
                0x00000000       0x7b zephyr/boards/native/native_sim/libboards__native__native_sim.a(posix_arch_if.c.obj)
                0x00000000                posix_print_warning

.text.posix_print_trace
                0x00000000       0x7b
 .text.posix_print_trace
                0x00000000       0x7b zephyr/boards/native/native_sim/libboards__native__native_sim.a(posix_arch_if.c.obj)
                0x00000000                posix_print_trace

.text.z_impl_k_object_access_grant
                0x00000000       0x22
 .text.z_impl_k_object_access_grant
                0x00000000       0x22 zephyr/subsys/testsuite/ztest/libsubsys__testsuite__ztest.a(ztest.c.obj)

.text.k_object_access_all_grant
                0x00000000       0x22
 .text.k_object_access_all_grant
                0x00000000       0x22 zephyr/subsys/testsuite/ztest/libsubsys__testsuite__ztest.a(ztest.c.obj)

.text.k_object_access_grant
                0x00000000       0x68
 .text.k_object_access_grant
                0x00000000       0x68 zephyr/subsys/testsuite/ztest/libsubsys__testsuite__ztest.a(ztest.c.obj)

.text.k_thread_start
                0x00000000      0x13c
 .text.k_thread_start
                0x00000000       0x4f zephyr/subsys/testsuite/ztest/libsubsys__testsuite__ztest.a(ztest.c.obj)
 .text.k_thread_start
                0x0000004f       0x4f zephyr/kernel/libkernel.a(init.c.obj)
 .text.k_thread_start
                0x0000009e       0x4f zephyr/kernel/libkernel.a(work.c.obj)
 .text.k_thread_start
                0x000000ed       0x4f zephyr/kernel/libkernel.a(thread.c.obj)

.text.k_thread_create
                0x00000000      0x118
 .text.k_thread_create
                0x00000000       0x8c zephyr/subsys/testsuite/ztest/libsubsys__testsuite__ztest.a(ztest.c.obj)
 .text.k_thread_create
                0x0000008c       0x8c zephyr/kernel/libkernel.a(work.c.obj)

.text.k_thread_join
                0x00000000       0x74
 .text.k_thread_join
                0x00000000       0x74 zephyr/subsys/testsuite/ztest/libsubsys__testsuite__ztest.a(ztest.c.obj)

.text.k_wakeup  0x00000000      0x1ac
 .text.k_wakeup
                0x00000000       0x6b zephyr/subsys/testsuite/ztest/libsubsys__testsuite__ztest.a(ztest.c.obj)
 .text.k_wakeup
                0x0000006b       0x6b zephyr/kernel/libkernel.a(init.c.obj)
 .text.k_wakeup
                0x000000d6       0x6b zephyr/kernel/libkernel.a(work.c.obj)
 .text.k_wakeup
                0x00000141       0x6b zephyr/kernel/libkernel.a(thread.c.obj)

.text.k_thread_name_set
                0x00000000       0xe2
 .text.k_thread_name_set
                0x00000000       0x71 zephyr/subsys/testsuite/ztest/libsubsys__testsuite__ztest.a(ztest.c.obj)
 .text.k_thread_name_set
                0x00000071       0x71 zephyr/kernel/libkernel.a(work.c.obj)

.text.TC_RESULT_TO_STR
                0x00000000       0xe7
 .text.TC_RESULT_TO_STR
                0x00000000       0xe7 zephyr/subsys/testsuite/ztest/libsubsys__testsuite__ztest.a(ztest.c.obj)

.text.get_start_time_cyc
                0x00000000       0x4e
 .text.get_start_time_cyc
                0x00000000       0x4e zephyr/subsys/testsuite/ztest/libsubsys__testsuite__ztest.a(ztest.c.obj)

.text.get_test_duration_ms
                0x00000000       0xb8
 .text.get_test_duration_ms
                0x00000000       0xb8 zephyr/subsys/testsuite/ztest/libsubsys__testsuite__ztest.a(ztest.c.obj)

.text.log_flush
                0x00000000       0x22
 .text.log_flush
                0x00000000       0x22 zephyr/subsys/testsuite/ztest/libsubsys__testsuite__ztest.a(ztest.c.obj)

.text.log_panic
                0x00000000       0xc4
 .text.log_panic
                0x00000000       0x62 zephyr/subsys/testsuite/ztest/libsubsys__testsuite__ztest.a(ztest.c.obj)
 .text.log_panic
                0x00000062       0x62 zephyr/kernel/libkernel.a(fatal.c.obj)

.text.__ztest_set_test_result
                0x00000000       0x6b
 .text.__ztest_set_test_result
                0x00000000       0x6b zephyr/subsys/testsuite/ztest/libsubsys__testsuite__ztest.a(ztest.c.obj)

.text.__ztest_set_test_phase
                0x00000000       0x6b
 .text.__ztest_set_test_phase
                0x00000000       0x6b zephyr/subsys/testsuite/ztest/libsubsys__testsuite__ztest.a(ztest.c.obj)

.text.end_report
                0x00000000      0x1d4
 .text.end_report
                0x00000000      0x1d4 zephyr/subsys/testsuite/ztest/libsubsys__testsuite__ztest.a(ztest.c.obj)

.text.cleanup_test
                0x00000000      0x15f
 .text.cleanup_test
                0x00000000      0x15f zephyr/subsys/testsuite/ztest/libsubsys__testsuite__ztest.a(ztest.c.obj)

.text.run_test_rules
                0x00000000      0x15a
 .text.run_test_rules
                0x00000000      0x15a zephyr/subsys/testsuite/ztest/libsubsys__testsuite__ztest.a(ztest.c.obj)

.text.run_test_functions
                0x00000000       0x7b
 .text.run_test_functions
                0x00000000       0x7b zephyr/subsys/testsuite/ztest/libsubsys__testsuite__ztest.a(ztest.c.obj)

.text.get_final_test_result
                0x00000000      0x13e
 .text.get_final_test_result
                0x00000000      0x13e zephyr/subsys/testsuite/ztest/libsubsys__testsuite__ztest.a(ztest.c.obj)

.text.get_friendly_phase_name
                0x00000000      0x117
 .text.get_friendly_phase_name
                0x00000000      0x117 zephyr/subsys/testsuite/ztest/libsubsys__testsuite__ztest.a(ztest.c.obj)

.text.test_finalize
                0x00000000       0xf5
 .text.test_finalize
                0x00000000       0xf5 zephyr/subsys/testsuite/ztest/libsubsys__testsuite__ztest.a(ztest.c.obj)

.text.ztest_test_fail
                0x00000000      0x157
 .text.ztest_test_fail
                0x00000000      0x157 zephyr/subsys/testsuite/ztest/libsubsys__testsuite__ztest.a(ztest.c.obj)
                0x00000000                ztest_test_fail

.text.test_cb   0x00000000      0x193
 .text.test_cb  0x00000000      0x193 zephyr/subsys/testsuite/ztest/libsubsys__testsuite__ztest.a(ztest.c.obj)

.text.run_test  0x00000000      0x678
 .text.run_test
                0x00000000      0x678 zephyr/subsys/testsuite/ztest/libsubsys__testsuite__ztest.a(ztest.c.obj)

.text.ztest_find_test_suite
                0x00000000       0x94
 .text.ztest_find_test_suite
                0x00000000       0x94 zephyr/subsys/testsuite/ztest/libsubsys__testsuite__ztest.a(ztest.c.obj)

.text.z_ztest_get_next_test
                0x00000000       0xbf
 .text.z_ztest_get_next_test
                0x00000000       0xbf zephyr/subsys/testsuite/ztest/libsubsys__testsuite__ztest.a(ztest.c.obj)
                0x00000000                z_ztest_get_next_test

.text.z_ztest_run_test_dispatch
                0x00000000      0x651
 .text.z_ztest_run_test_dispatch
                0x00000000      0x651 zephyr/subsys/testsuite/ztest/libsubsys__testsuite__ztest.a(ztest.c.obj)

.text.z_ztest_run_test_suite_ptr
                0x00000000      0x4a2
 .text.z_ztest_run_test_suite_ptr
                0x00000000      0x4a2 zephyr/subsys/testsuite/ztest/libsubsys__testsuite__ztest.a(ztest.c.obj)

.text.__ztest_show_suite_summary_oneline
                0x00000000      0x34f
 .text.__ztest_show_suite_summary_oneline
                0x00000000      0x34f zephyr/subsys/testsuite/ztest/libsubsys__testsuite__ztest.a(ztest.c.obj)

.text.__ztest_show_suite_summary_verbose
                0x00000000      0x3d1
 .text.__ztest_show_suite_summary_verbose
                0x00000000      0x3d1 zephyr/subsys/testsuite/ztest/libsubsys__testsuite__ztest.a(ztest.c.obj)

.text.__ztest_show_suite_summary
                0x00000000      0x165
 .text.__ztest_show_suite_summary
                0x00000000      0x165 zephyr/subsys/testsuite/ztest/libsubsys__testsuite__ztest.a(ztest.c.obj)

.text.__ztest_run_test_suite
                0x00000000      0x168
 .text.__ztest_run_test_suite
                0x00000000      0x168 zephyr/subsys/testsuite/ztest/libsubsys__testsuite__ztest.a(ztest.c.obj)

.text.z_impl_ztest_run_test_suites
                0x00000000      0x10a
 .text.z_impl_ztest_run_test_suites
                0x00000000      0x10a zephyr/subsys/testsuite/ztest/libsubsys__testsuite__ztest.a(ztest.c.obj)
                0x00000000                z_impl_ztest_run_test_suites

.text.z_impl___ztest_set_test_result
                0x00000000       0x2a
 .text.z_impl___ztest_set_test_result
                0x00000000       0x2a zephyr/subsys/testsuite/ztest/libsubsys__testsuite__ztest.a(ztest.c.obj)
                0x00000000                z_impl___ztest_set_test_result

.text.z_impl___ztest_set_test_phase
                0x00000000       0x2a
 .text.z_impl___ztest_set_test_phase
                0x00000000       0x2a zephyr/subsys/testsuite/ztest/libsubsys__testsuite__ztest.a(ztest.c.obj)
                0x00000000                z_impl___ztest_set_test_phase

.text.ztest_verify_all_test_suites_ran
                0x00000000      0x27a
 .text.ztest_verify_all_test_suites_ran
                0x00000000      0x27a zephyr/subsys/testsuite/ztest/libsubsys__testsuite__ztest.a(ztest.c.obj)
                0x00000000                ztest_verify_all_test_suites_ran

.text.ztest_run_all
                0x00000000       0x5f
 .text.ztest_run_all
                0x00000000       0x5f zephyr/subsys/testsuite/ztest/libsubsys__testsuite__ztest.a(ztest.c.obj)
                0x00000000                ztest_run_all

.text.test_main
                0x00000000       0x72
 .text.test_main
                0x00000000       0x72 zephyr/subsys/testsuite/ztest/libsubsys__testsuite__ztest.a(ztest.c.obj)
                0x00000000                test_main

.text.main      0x00000000       0xaf
 .text.main     0x00000000       0xaf zephyr/subsys/testsuite/ztest/libsubsys__testsuite__ztest.a(ztest.c.obj)
                0x00000000                main

.text.ztest_run_test_suites
                0x00000000       0x7c
 .text.ztest_run_test_suites
                0x00000000       0x7c zephyr/subsys/testsuite/ztest/libsubsys__testsuite__ztest.a(ztest_posix.c.obj)

.text.add_test_filter_option
                0x00000000       0x51
 .text.add_test_filter_option
                0x00000000       0x51 zephyr/subsys/testsuite/ztest/libsubsys__testsuite__ztest.a(ztest_posix.c.obj)

.text.ztest_relative_filename
                0x00000000      0x167
 .text.ztest_relative_filename
                0x00000000      0x167 zephyr/subsys/testsuite/ztest/libsubsys__testsuite__ztest.a(ztest_posix.c.obj)
                0x00000000                ztest_relative_filename

.text.z_ztest_get_list_test
                0x00000000       0x28
 .text.z_ztest_get_list_test
                0x00000000       0x28 zephyr/subsys/testsuite/ztest/libsubsys__testsuite__ztest.a(ztest_posix.c.obj)
                0x00000000                z_ztest_get_list_test

.text.z_ztest_list_tests
                0x00000000      0x13b
 .text.z_ztest_list_tests
                0x00000000      0x13b zephyr/subsys/testsuite/ztest/libsubsys__testsuite__ztest.a(ztest_posix.c.obj)
                0x00000000                z_ztest_list_tests

.text.z_ztest_run_all
                0x00000000       0xc3
 .text.z_ztest_run_all
                0x00000000       0xc3 zephyr/subsys/testsuite/ztest/libsubsys__testsuite__ztest.a(ztest_posix.c.obj)
                0x00000000                z_ztest_run_all

.text.z_ztest_testargs_contains
                0x00000000      0x346
 .text.z_ztest_testargs_contains
                0x00000000      0x346 zephyr/subsys/testsuite/ztest/libsubsys__testsuite__ztest.a(ztest_posix.c.obj)

.text.z_ztest_should_test_run
                0x00000000       0xb3
 .text.z_ztest_should_test_run
                0x00000000       0xb3 zephyr/subsys/testsuite/ztest/libsubsys__testsuite__ztest.a(ztest_posix.c.obj)
                0x00000000                z_ztest_should_test_run

.text.z_ztest_should_suite_run
                0x00000000      0x116
 .text.z_ztest_should_suite_run
                0x00000000      0x116 zephyr/subsys/testsuite/ztest/libsubsys__testsuite__ztest.a(ztest_posix.c.obj)
                0x00000000                z_ztest_should_suite_run

.text.k_work_queue_thread_get
                0x00000000       0x27
 .text.k_work_queue_thread_get
                0x00000000       0x27 zephyr/subsys/input/libsubsys__input.a(input.c.obj)

.text.k_msgq_put
                0x00000000       0xe8
 .text.k_msgq_put
                0x00000000       0x74 zephyr/subsys/input/libsubsys__input.a(input.c.obj)
 .text.k_msgq_put
                0x00000074       0x74 zephyr/subsys/zbus/libsubsys__zbus.a(zbus.c.obj)

.text.k_msgq_get
                0x00000000       0x74
 .text.k_msgq_get
                0x00000000       0x74 zephyr/subsys/input/libsubsys__input.a(input.c.obj)

.text.input_process
                0x00000000      0x1dd
 .text.input_process
                0x00000000      0x1dd zephyr/subsys/input/libsubsys__input.a(input.c.obj)

.text.input_report
                0x00000000      0x2d3
 .text.input_report
                0x00000000      0x2d3 zephyr/subsys/input/libsubsys__input.a(input.c.obj)
                0x00000000                input_report

.text.input_thread
                0x00000000      0x170
 .text.input_thread
                0x00000000      0x170 zephyr/subsys/input/libsubsys__input.a(input.c.obj)

.text.device_is_ready
                0x00000000       0xdc
 .text.device_is_ready
                0x00000000       0x6e zephyr/subsys/input/libsubsys__input.a(input_longpress.c.obj)
 .text.device_is_ready
                0x0000006e       0x6e zephyr/drivers/input/libdrivers__input.a(input_gpio_keys.c.obj)

.text.k_work_delayable_from_work
                0x00000000       0x48
 .text.k_work_delayable_from_work
                0x00000000       0x24 zephyr/subsys/input/libsubsys__input.a(input_longpress.c.obj)
 .text.k_work_delayable_from_work
                0x00000024       0x24 zephyr/drivers/input/libdrivers__input.a(input_gpio_keys.c.obj)

.text.input_report_key
                0x00000000       0xf8
 .text.input_report_key
                0x00000000       0x7c zephyr/subsys/input/libsubsys__input.a(input_longpress.c.obj)
 .text.input_report_key
                0x0000007c       0x7c zephyr/drivers/input/libdrivers__input.a(input_gpio_keys.c.obj)

.text.longpress_deferred
                0x00000000       0xcd
 .text.longpress_deferred
                0x00000000       0xcd zephyr/subsys/input/libsubsys__input.a(input_longpress.c.obj)

.text.longpress_cb
                0x00000000      0x3bf
 .text.longpress_cb
                0x00000000      0x3bf zephyr/subsys/input/libsubsys__input.a(input_longpress.c.obj)

.text.longpress_init
                0x00000000      0x1f0
 .text.longpress_init
                0x00000000      0x1f0 zephyr/subsys/input/libsubsys__input.a(input_longpress.c.obj)

.text.k_thread_priority_get
                0x00000000       0x6e
 .text.k_thread_priority_get
                0x00000000       0x6e zephyr/subsys/zbus/libsubsys__zbus.a(zbus.c.obj)

.text.k_thread_priority_set
                0x00000000       0x6e
 .text.k_thread_priority_set
                0x00000000       0x6e zephyr/subsys/zbus/libsubsys__zbus.a(zbus.c.obj)

.text._zbus_init
                0x00000000      0x214
 .text._zbus_init
                0x00000000      0x214 zephyr/subsys/zbus/libsubsys__zbus.a(zbus.c.obj)
                0x00000000                _zbus_init

.text._zbus_notify_observer
                0x00000000      0x215
 .text._zbus_notify_observer
                0x00000000      0x215 zephyr/subsys/zbus/libsubsys__zbus.a(zbus.c.obj)

.text._zbus_vded_exec
                0x00000000      0x4b8
 .text._zbus_vded_exec
                0x00000000      0x4b8 zephyr/subsys/zbus/libsubsys__zbus.a(zbus.c.obj)

.text.chan_lock
                0x00000000      0x2d6
 .text.chan_lock
                0x00000000      0x2d6 zephyr/subsys/zbus/libsubsys__zbus.a(zbus.c.obj)

.text.chan_unlock
                0x00000000       0xa8
 .text.chan_unlock
                0x00000000       0xa8 zephyr/subsys/zbus/libsubsys__zbus.a(zbus.c.obj)

.text.zbus_chan_pub
                0x00000000      0x5c4
 .text.zbus_chan_pub
                0x00000000      0x5c4 zephyr/subsys/zbus/libsubsys__zbus.a(zbus.c.obj)
                0x00000000                zbus_chan_pub

.text.print_char
                0x00000000      0x102
 .text.print_char
                0x00000000      0x102 zephyr/drivers/console/libdrivers__console.a(posix_arch_console.c.obj)

.text.posix_arch_console_init
                0x00000000       0x55
 .text.posix_arch_console_init
                0x00000000       0x55 zephyr/drivers/console/libdrivers__console.a(posix_arch_console.c.obj)

.text.sys_slist_init
                0x00000000       0x6a
 .text.sys_slist_init
                0x00000000       0x35 zephyr/drivers/gpio/libdrivers__gpio.a(gpio_emul.c.obj)
 .text.sys_slist_init
                0x00000035       0x35 zephyr/kernel/libkernel.a(work.c.obj)

.text.sys_slist_find_and_remove
                0x00000000      0x22c
 .text.sys_slist_find_and_remove
                0x00000000      0x116 zephyr/drivers/gpio/libdrivers__gpio.a(gpio_emul.c.obj)
 .text.sys_slist_find_and_remove
                0x00000116      0x116 zephyr/kernel/libkernel.a(work.c.obj)

.text.gpio_manage_callback
                0x00000000      0x36e
 .text.gpio_manage_callback
                0x00000000      0x36e zephyr/drivers/gpio/libdrivers__gpio.a(gpio_emul.c.obj)

.text.gpio_fire_callbacks
                0x00000000      0x39f
 .text.gpio_fire_callbacks
                0x00000000      0x39f zephyr/drivers/gpio/libdrivers__gpio.a(gpio_emul.c.obj)

.text.get_pins_with_flags
                0x00000000       0xbd
 .text.get_pins_with_flags
                0x00000000       0xbd zephyr/drivers/gpio/libdrivers__gpio.a(gpio_emul.c.obj)

.text.get_input_pins
                0x00000000       0x59
 .text.get_input_pins
                0x00000000       0x59 zephyr/drivers/gpio/libdrivers__gpio.a(gpio_emul.c.obj)

.text.get_output_pins
                0x00000000       0x59
 .text.get_output_pins
                0x00000000       0x59 zephyr/drivers/gpio/libdrivers__gpio.a(gpio_emul.c.obj)

.text.gpio_emul_config_has_caps
                0x00000000       0x40
 .text.gpio_emul_config_has_caps